Archive member included to satisfy reference by file (symbol)

/home/matei/arm_summer_school/atf/build/imx93/release/lib/libc.a(memcpy.o)
                              /home/matei/arm_summer_school/atf/build/imx93/release/bl31/desc_image_load.o (memcpy)
/home/matei/arm_summer_school/atf/build/imx93/release/lib/libc.a(memmove.o)
                              /home/matei/arm_summer_school/atf/build/imx93/release/bl31/xlat_tables_core.o (memmove)
/home/matei/arm_summer_school/atf/build/imx93/release/lib/libc.a(printf.o)
                              /home/matei/arm_summer_school/atf/build/imx93/release/bl31/tf_log.o (vprintf)
/home/matei/arm_summer_school/atf/build/imx93/release/lib/libc.a(memset.o)
                              /home/matei/arm_summer_school/atf/build/imx93/release/bl31/runtime_svc.o (memset)

Discarded input sections

 .text          0x0000000000000000        0x0 /home/matei/arm_summer_school/atf/build/imx93/release/bl31/bl31_context_mgmt.o
 .data          0x0000000000000000        0x0 /home/matei/arm_summer_school/atf/build/imx93/release/bl31/bl31_context_mgmt.o
 .bss           0x0000000000000000        0x0 /home/matei/arm_summer_school/atf/build/imx93/release/bl31/bl31_context_mgmt.o
 .text.cm_set_context
                0x0000000000000000       0x38 /home/matei/arm_summer_school/atf/build/imx93/release/bl31/bl31_context_mgmt.o
 .text.cm_get_context_by_index
                0x0000000000000000       0x34 /home/matei/arm_summer_school/atf/build/imx93/release/bl31/bl31_context_mgmt.o
 .eh_frame      0x0000000000000000       0xa8 /home/matei/arm_summer_school/atf/build/imx93/release/bl31/bl31_context_mgmt.o
 .text          0x0000000000000000        0x0 /home/matei/arm_summer_school/atf/build/imx93/release/bl31/bl31_main.o
 .data          0x0000000000000000        0x0 /home/matei/arm_summer_school/atf/build/imx93/release/bl31/bl31_main.o
 .bss           0x0000000000000000        0x0 /home/matei/arm_summer_school/atf/build/imx93/release/bl31/bl31_main.o
 .text.bl31_set_next_image_type
                0x0000000000000000        0xc /home/matei/arm_summer_school/atf/build/imx93/release/bl31/bl31_main.o
 .text.bl31_register_bl32_init
                0x0000000000000000        0xc /home/matei/arm_summer_school/atf/build/imx93/release/bl31/bl31_main.o
 .eh_frame      0x0000000000000000       0xd8 /home/matei/arm_summer_school/atf/build/imx93/release/bl31/bl31_main.o
 .text          0x0000000000000000        0x0 /home/matei/arm_summer_school/atf/build/imx93/release/bl31/bl31_traps.o
 .data          0x0000000000000000        0x0 /home/matei/arm_summer_school/atf/build/imx93/release/bl31/bl31_traps.o
 .bss           0x0000000000000000        0x0 /home/matei/arm_summer_school/atf/build/imx93/release/bl31/bl31_traps.o
 .eh_frame      0x0000000000000000       0x88 /home/matei/arm_summer_school/atf/build/imx93/release/bl31/bl31_traps.o
 .text          0x0000000000000000        0x0 /home/matei/arm_summer_school/atf/build/imx93/release/bl31/interrupt_mgmt.o
 .data          0x0000000000000000        0x0 /home/matei/arm_summer_school/atf/build/imx93/release/bl31/interrupt_mgmt.o
 .bss           0x0000000000000000        0x0 /home/matei/arm_summer_school/atf/build/imx93/release/bl31/interrupt_mgmt.o
 .text.disable_intr_rm_local
                0x0000000000000000       0x34 /home/matei/arm_summer_school/atf/build/imx93/release/bl31/interrupt_mgmt.o
 .text.enable_intr_rm_local
                0x0000000000000000       0x50 /home/matei/arm_summer_school/atf/build/imx93/release/bl31/interrupt_mgmt.o
 .eh_frame      0x0000000000000000      0x120 /home/matei/arm_summer_school/atf/build/imx93/release/bl31/interrupt_mgmt.o
 .text          0x0000000000000000        0x0 /home/matei/arm_summer_school/atf/build/imx93/release/bl31/bl_common.o
 .data          0x0000000000000000        0x0 /home/matei/arm_summer_school/atf/build/imx93/release/bl31/bl_common.o
 .bss           0x0000000000000000        0x0 /home/matei/arm_summer_school/atf/build/imx93/release/bl31/bl_common.o
 .text.load_image
                0x0000000000000000       0xc4 /home/matei/arm_summer_school/atf/build/imx93/release/bl31/bl_common.o
 .text.page_align
                0x0000000000000000       0x1c /home/matei/arm_summer_school/atf/build/imx93/release/bl31/bl_common.o
 .text.load_auth_image
                0x0000000000000000       0x90 /home/matei/arm_summer_school/atf/build/imx93/release/bl31/bl_common.o
 .text.get_version
                0x0000000000000000        0xc /home/matei/arm_summer_school/atf/build/imx93/release/bl31/bl_common.o
 .rodata.build_version
                0x0000000000000000        0x7 /home/matei/arm_summer_school/atf/build/imx93/release/bl31/bl_common.o
 .eh_frame      0x0000000000000000       0xa8 /home/matei/arm_summer_school/atf/build/imx93/release/bl31/bl_common.o
 .text          0x0000000000000000        0x0 /home/matei/arm_summer_school/atf/build/imx93/release/bl31/desc_image_load.o
[...]
Memory Configuration

Name             Origin             Length             Attributes
RAM              0x00000000204e0000 0x000000000003c000 xrw
*default*        0x0000000000000000 0xffffffffffffffff

Linker script and memory map

                0x00000000204e0000                RAM_REGION_START = ORIGIN (RAM)
                0x000000000003c000                RAM_REGION_LENGTH = LENGTH (RAM)
                0x00000000204e0000                . = 0x204e0000
                0x0000000000000001                ASSERT ((. == ALIGN (0x1000)), BL31_BASE address is not aligned on a page boundary.)
                0x00000000204e0000                __BL31_START__ = .

.ro             0x00000000204e0000     0xb000
                0x0000000000000001                ASSERT ((. == ALIGN (0x1000)), .ro is not aligned on a page boundary.)
                0x00000000204e0000                __RO_START__ = .
 *bl31_entrypoint.o(SORT_BY_ALIGNMENT(.text*))
 .text.asm.bl31_entrypoint
                0x00000000204e0000      0x178 /home/matei/arm_summer_school/atf/build/imx93/release/bl31/bl31_entrypoint.o
                0x00000000204e0000                bl31_entrypoint
 .text.asm.bl31_warm_entrypoint
                0x00000000204e0178       0xc0 /home/matei/arm_summer_school/atf/build/imx93/release/bl31/bl31_entrypoint.o
                0x00000000204e0178                bl31_warm_entrypoint
 *(SORT_BY_ALIGNMENT(.text*))
 .text.cm_get_context
                0x00000000204e0238       0x34 /home/matei/arm_summer_school/atf/build/imx93/release/bl31/bl31_context_mgmt.o
                0x00000000204e0238                cm_get_context
 .text.cm_set_context_by_index
                0x00000000204e026c       0x38 /home/matei/arm_summer_school/atf/build/imx93/release/bl31/bl31_context_mgmt.o
                0x00000000204e026c                cm_set_context_by_index
 .text.get_arm_std_svc_args
                0x00000000204e02a4        0xc /home/matei/arm_summer_school/atf/build/imx93/release/bl31/bl31_main.o
                0x00000000204e02a4                get_arm_std_svc_args
 .text.bl31_warmboot
                0x00000000204e02b0       0x28 /home/matei/arm_summer_school/atf/build/imx93/release/bl31/bl31_main.o
                0x00000000204e02b0                bl31_warmboot
 .text.bl31_prepare_next_image_entry
                0x00000000204e02d8       0x74 /home/matei/arm_summer_school/atf/build/imx93/release/bl31/bl31_main.o
                0x00000000204e02d8                bl31_prepare_next_image_entry
 .text.bl31_main
                0x00000000204e034c       0xc0 /home/matei/arm_summer_school/atf/build/imx93/release/bl31/bl31_main.o
                0x00000000204e034c                bl31_main
 .text.is_tge_enabled
                0x00000000204e040c       0x18 /home/matei/arm_summer_school/atf/build/imx93/release/bl31/bl31_traps.o
 .text.handle_sysreg_trap
                0x00000000204e0424        0x8 /home/matei/arm_summer_school/atf/build/imx93/release/bl31/bl31_traps.o
                0x00000000204e0424                handle_sysreg_trap
 .text.create_spsr
                0x00000000204e042c      0x284 /home/matei/arm_summer_school/atf/build/imx93/release/bl31/bl31_traps.o
                0x00000000204e042c                create_spsr
 .text.inject_undef64
                0x00000000204e06b0       0xb8 /home/matei/arm_summer_school/atf/build/imx93/release/bl31/bl31_traps.o
                0x00000000204e06b0                inject_undef64
 .text.set_scr_el3_from_rm
                0x00000000204e0768       0x84 /home/matei/arm_summer_school/atf/build/imx93/release/bl31/interrupt_mgmt.o
 .text.get_scr_el3_from_routing_model
                0x00000000204e07ec       0x2c /home/matei/arm_summer_school/atf/build/imx93/release/bl31/interrupt_mgmt.o
                0x00000000204e07ec                get_scr_el3_from_routing_model
 .text.set_routing_model
                0x00000000204e0818       0x94 /home/matei/arm_summer_school/atf/build/imx93/release/bl31/interrupt_mgmt.o
                0x00000000204e0818                set_routing_model
 .text.register_interrupt_type_handler
                0x00000000204e08ac       0x68 /home/matei/arm_summer_school/atf/build/imx93/release/bl31/interrupt_mgmt.o
                0x00000000204e08ac                register_interrupt_type_handler
 .text.get_interrupt_type_handler
                0x00000000204e0914       0x3c /home/matei/arm_summer_school/atf/build/imx93/release/bl31/interrupt_mgmt.o
                0x00000000204e0914                get_interrupt_type_handler
 .text.print_entry_point_info
                0x00000000204e0950        0x4 /home/matei/arm_summer_school/atf/build/imx93/release/bl31/bl_common.o
                0x00000000204e0950                print_entry_point_info
 .text.bl31_params_parse_helper
                0x00000000204e0954       0xac /home/matei/arm_summer_school/atf/build/imx93/release/bl31/desc_image_load.o
                0x00000000204e0954                bl31_params_parse_helper
 .text.runtime_svc_init
                0x00000000204e0a00      0x134 /home/matei/arm_summer_school/atf/build/imx93/release/bl31/runtime_svc.o
                0x00000000204e0a00                runtime_svc_init
 .text.tf_log   0x00000000204e0b34       0x94 /home/matei/arm_summer_school/atf/build/imx93/release/bl31/tf_log.o
                0x00000000204e0b34                tf_log
 .text.gicr_wait_group_not_in_transit
                0x00000000204e0bc8       0x14 /home/matei/arm_summer_school/atf/build/imx93/release/bl31/gic-x00.o
 .text.gicv3_redists_need_power_mgmt
                0x00000000204e0bdc       0x48 /home/matei/arm_summer_school/atf/build/imx93/release/bl31/gic-x00.o
 .text.gicv3_distif_pre_save
                0x00000000204e0c24        0x4 /home/matei/arm_summer_school/atf/build/imx93/release/bl31/gic-x00.o
                0x00000000204e0c24                gicv3_distif_pre_save
 .text.gicv3_distif_post_restore
                0x00000000204e0c28        0x4 /home/matei/arm_summer_school/atf/build/imx93/release/bl31/gic-x00.o
                0x00000000204e0c28                gicv3_distif_post_restore
 .text.gicv3_rdistif_on
                0x00000000204e0c2c       0x40 /home/matei/arm_summer_school/atf/build/imx93/release/bl31/gic-x00.o
                0x00000000204e0c2c                gicv3_rdistif_on
 .text.gicv3_apply_errata_wa_2384374
                0x00000000204e0c6c       0x24 /home/matei/arm_summer_school/atf/build/imx93/release/bl31/gic-x00.o
                0x00000000204e0c6c                gicv3_apply_errata_wa_2384374
 .text.gicv3_check_erratas_applies
                0x00000000204e0c90       0x54 /home/matei/arm_summer_school/atf/build/imx93/release/bl31/gic-x00.o
                0x00000000204e0c90                gicv3_check_erratas_applies
 .text.gicd_set_icfgr
                0x00000000204e0ce4       0x34 /home/matei/arm_summer_school/atf/build/imx93/release/bl31/gicdv3_helpers.o
                0x00000000204e0ce4                gicd_set_icfgr
 .text.gicd_clr_igroupr
                0x00000000204e0d18       0x24 /home/matei/arm_summer_school/atf/build/imx93/release/bl31/gicdv3_helpers.o
                0x00000000204e0d18                gicd_clr_igroupr
 .text.gicd_set_igrpmodr
                0x00000000204e0d3c       0x24 /home/matei/arm_summer_school/atf/build/imx93/release/bl31/gicdv3_helpers.o
                0x00000000204e0d3c                gicd_set_igrpmodr
 .text.gicd_clr_igrpmodr
                0x00000000204e0d60       0x24 /home/matei/arm_summer_school/atf/build/imx93/release/bl31/gicdv3_helpers.o
                0x00000000204e0d60                gicd_clr_igrpmodr
 .text.gicd_set_isenabler
                0x00000000204e0d84       0x1c /home/matei/arm_summer_school/atf/build/imx93/release/bl31/gicdv3_helpers.o
                0x00000000204e0d84                gicd_set_isenabler
 .text.gicd_set_ipriorityr
                0x00000000204e0da0       0x14 /home/matei/arm_summer_school/atf/build/imx93/release/bl31/gicdv3_helpers.o
                0x00000000204e0da0                gicd_set_ipriorityr
 .text.gicd_read_icfgr
                0x00000000204e0db4       0x14 /home/matei/arm_summer_school/atf/build/imx93/release/bl31/gicdv3_helpers.o
                0x00000000204e0db4                gicd_read_icfgr
 .text.gicd_write_icfgr
                0x00000000204e0dc8       0x14 /home/matei/arm_summer_school/atf/build/imx93/release/bl31/gicdv3_helpers.o
                0x00000000204e0dc8                gicd_write_icfgr
 .text.gicd_read_igroupr
                0x00000000204e0ddc       0x14 /home/matei/arm_summer_school/atf/build/imx93/release/bl31/gicdv3_helpers.o
                0x00000000204e0ddc                gicd_read_igroupr
 .text.gicd_write_igroupr
                0x00000000204e0df0       0x14 /home/matei/arm_summer_school/atf/build/imx93/release/bl31/gicdv3_helpers.o
                0x00000000204e0df0                gicd_write_igroupr
 .text.gicd_read_igrpmodr
                0x00000000204e0e04       0x14 /home/matei/arm_summer_school/atf/build/imx93/release/bl31/gicdv3_helpers.o
                0x00000000204e0e04                gicd_read_igrpmodr
 .text.gicd_write_igrpmodr
                0x00000000204e0e18       0x14 /home/matei/arm_summer_school/atf/build/imx93/release/bl31/gicdv3_helpers.o
                0x00000000204e0e18                gicd_write_igrpmodr
 .text.gicd_read_ipriorityr
                0x00000000204e0e2c       0x10 /home/matei/arm_summer_school/atf/build/imx93/release/bl31/gicdv3_helpers.o
                0x00000000204e0e2c                gicd_read_ipriorityr
 .text.gicd_write_ipriorityr
                0x00000000204e0e3c       0x10 /home/matei/arm_summer_school/atf/build/imx93/release/bl31/gicdv3_helpers.o
                0x00000000204e0e3c                gicd_write_ipriorityr
 .text.gicd_read_isactiver
                0x00000000204e0e4c       0x14 /home/matei/arm_summer_school/atf/build/imx93/release/bl31/gicdv3_helpers.o
                0x00000000204e0e4c                gicd_read_isactiver
 .text.gicd_write_isactiver
                0x00000000204e0e60       0x14 /home/matei/arm_summer_school/atf/build/imx93/release/bl31/gicdv3_helpers.o
                0x00000000204e0e60                gicd_write_isactiver
 .text.gicd_read_isenabler
                0x00000000204e0e74       0x14 /home/matei/arm_summer_school/atf/build/imx93/release/bl31/gicdv3_helpers.o
                0x00000000204e0e74                gicd_read_isenabler
 .text.gicd_write_isenabler
                0x00000000204e0e88       0x14 /home/matei/arm_summer_school/atf/build/imx93/release/bl31/gicdv3_helpers.o
                0x00000000204e0e88                gicd_write_isenabler
 .text.gicd_read_ispendr
                0x00000000204e0e9c       0x14 /home/matei/arm_summer_school/atf/build/imx93/release/bl31/gicdv3_helpers.o
                0x00000000204e0e9c                gicd_read_ispendr
 .text.gicd_write_ispendr
                0x00000000204e0eb0       0x14 /home/matei/arm_summer_school/atf/build/imx93/release/bl31/gicdv3_helpers.o
                0x00000000204e0eb0                gicd_write_ispendr
 .text.gicd_read_nsacr
                0x00000000204e0ec4       0x14 /home/matei/arm_summer_school/atf/build/imx93/release/bl31/gicdv3_helpers.o
                0x00000000204e0ec4                gicd_read_nsacr
 .text.gicd_write_nsacr
                0x00000000204e0ed8       0x14 /home/matei/arm_summer_school/atf/build/imx93/release/bl31/gicdv3_helpers.o
                0x00000000204e0ed8                gicd_write_nsacr
 .text.gicr_write_ipriorityr
                0x00000000204e0eec       0x14 /home/matei/arm_summer_school/atf/build/imx93/release/bl31/gicrv3_helpers.o
                0x00000000204e0eec                gicr_write_ipriorityr
 .text.gicr_set_ipriorityr
                0x00000000204e0f00       0x18 /home/matei/arm_summer_school/atf/build/imx93/release/bl31/gicrv3_helpers.o
                0x00000000204e0f00                gicr_set_ipriorityr
 .text.gicr_clr_igroupr
                0x00000000204e0f18       0x28 /home/matei/arm_summer_school/atf/build/imx93/release/bl31/gicrv3_helpers.o
                0x00000000204e0f18                gicr_clr_igroupr
 .text.gicr_set_igrpmodr
                0x00000000204e0f40       0x28 /home/matei/arm_summer_school/atf/build/imx93/release/bl31/gicrv3_helpers.o
                0x00000000204e0f40                gicr_set_igrpmodr
 .text.gicr_clr_igrpmodr
                0x00000000204e0f68       0x28 /home/matei/arm_summer_school/atf/build/imx93/release/bl31/gicrv3_helpers.o
                0x00000000204e0f68                gicr_clr_igrpmodr
 .text.gicr_set_isenabler
                0x00000000204e0f90       0x20 /home/matei/arm_summer_school/atf/build/imx93/release/bl31/gicrv3_helpers.o
                0x00000000204e0f90                gicr_set_isenabler
 .text.gicr_set_icfgr
                0x00000000204e0fb0       0x38 /home/matei/arm_summer_school/atf/build/imx93/release/bl31/gicrv3_helpers.o
                0x00000000204e0fb0                gicr_set_icfgr
 .text.gicv3_rdistif_mark_core_awake
                0x00000000204e0fe8       0x4c /home/matei/arm_summer_school/atf/build/imx93/release/bl31/gicv3_helpers.o
                0x00000000204e0fe8                gicv3_rdistif_mark_core_awake
 .text.gicv3_rdistif_mark_core_asleep
                0x00000000204e1034       0x1c /home/matei/arm_summer_school/atf/build/imx93/release/bl31/gicv3_helpers.o
                0x00000000204e1034                gicv3_rdistif_mark_core_asleep
 .text.gicv3_rdistif_base_addrs_probe
                0x00000000204e1050       0x6c /home/matei/arm_summer_school/atf/build/imx93/release/bl31/gicv3_helpers.o
                0x00000000204e1050                gicv3_rdistif_base_addrs_probe
 .text.gicv3_get_spi_limit
                0x00000000204e10bc       0x1c /home/matei/arm_summer_school/atf/build/imx93/release/bl31/gicv3_helpers.o
                0x00000000204e10bc                gicv3_get_spi_limit
 .text.gicv3_spis_config_defaults
                0x00000000204e10d8       0x98 /home/matei/arm_summer_school/atf/build/imx93/release/bl31/gicv3_helpers.o
                0x00000000204e10d8                gicv3_spis_config_defaults
 .text.gicv3_secure_spis_config_props
                0x00000000204e1170       0xec /home/matei/arm_summer_school/atf/build/imx93/release/bl31/gicv3_helpers.o
                0x00000000204e1170                gicv3_secure_spis_config_props
 .text.gicv3_ppi_sgi_config_defaults
                0x00000000204e125c       0x70 /home/matei/arm_summer_school/atf/build/imx93/release/bl31/gicv3_helpers.o
                0x00000000204e125c                gicv3_ppi_sgi_config_defaults
 .text.gicv3_secure_ppi_sgi_config_props
                0x00000000204e12cc       0xcc /home/matei/arm_summer_school/atf/build/imx93/release/bl31/gicv3_helpers.o
                0x00000000204e12cc                gicv3_secure_ppi_sgi_config_props
 .text.gicv3_get_component_prodid_rev
                0x00000000204e1398       0x18 /home/matei/arm_summer_school/atf/build/imx93/release/bl31/gicv3_helpers.o
                0x00000000204e1398                gicv3_get_component_prodid_rev
 .text.gicd_wait_for_pending_write
                0x00000000204e13b0        0xc /home/matei/arm_summer_school/atf/build/imx93/release/bl31/gicv3_main.o
 .text.gicr_wait_for_pending_write
                0x00000000204e13bc        0xc /home/matei/arm_summer_school/atf/build/imx93/release/bl31/gicv3_main.o
 .text.gicv3_driver_init
                0x00000000204e13c8       0x4c /home/matei/arm_summer_school/atf/build/imx93/release/bl31/gicv3_main.o
                0x00000000204e13c8                gicv3_driver_init
 .text.gicv3_distif_init
                0x00000000204e1414       0x74 /home/matei/arm_summer_school/atf/build/imx93/release/bl31/gicv3_main.o
                0x00000000204e1414                gicv3_distif_init
 .text.gicv3_rdistif_init
                0x00000000204e1488       0x90 /home/matei/arm_summer_school/atf/build/imx93/release/bl31/gicv3_main.o
                0x00000000204e1488                gicv3_rdistif_init
 .text.gicv3_cpuif_enable
                0x00000000204e1518       0x90 /home/matei/arm_summer_school/atf/build/imx93/release/bl31/gicv3_main.o
                0x00000000204e1518                gicv3_cpuif_enable
 .text.gicv3_cpuif_disable
                0x00000000204e15a8       0x60 /home/matei/arm_summer_school/atf/build/imx93/release/bl31/gicv3_main.o
                0x00000000204e15a8                gicv3_cpuif_disable
 .text.gicv3_get_pending_interrupt_type
                0x00000000204e1608        0xc /home/matei/arm_summer_school/atf/build/imx93/release/bl31/gicv3_main.o
                0x00000000204e1608                gicv3_get_pending_interrupt_type
 .text.gicv3_rdistif_save
                0x00000000204e1614       0xdc /home/matei/arm_summer_school/atf/build/imx93/release/bl31/gicv3_main.o
                0x00000000204e1614                gicv3_rdistif_save
 .text.gicv3_rdistif_init_restore
                0x00000000204e16f0      0x11c /home/matei/arm_summer_school/atf/build/imx93/release/bl31/gicv3_main.o
                0x00000000204e16f0                gicv3_rdistif_init_restore
 .text.gicv3_distif_save
                0x00000000204e180c      0x1f4 /home/matei/arm_summer_school/atf/build/imx93/release/bl31/gicv3_main.o
                0x00000000204e180c                gicv3_distif_save
 .text.gicv3_distif_init_restore
                0x00000000204e1a00      0x210 /home/matei/arm_summer_school/atf/build/imx93/release/bl31/gicv3_main.o
                0x00000000204e1a00                gicv3_distif_init_restore
 .text.gicv3_raise_sgi
                0x00000000204e1c10       0x68 /home/matei/arm_summer_school/atf/build/imx93/release/bl31/gicv3_main.o
                0x00000000204e1c10                gicv3_raise_sgi
 .text.console_is_registered
                0x00000000204e1c78       0x2c /home/matei/arm_summer_school/atf/build/imx93/release/bl31/multi_console.o
                0x00000000204e1c78                console_is_registered
 .text.console_register
                0x00000000204e1ca4       0x34 /home/matei/arm_summer_school/atf/build/imx93/release/bl31/multi_console.o
                0x00000000204e1ca4                console_register
 .text.console_switch_state
                0x00000000204e1cd8        0xc /home/matei/arm_summer_school/atf/build/imx93/release/bl31/multi_console.o
                0x00000000204e1cd8                console_switch_state
 .text.console_set_scope
                0x00000000204e1ce4       0x18 /home/matei/arm_summer_school/atf/build/imx93/release/bl31/multi_console.o
                0x00000000204e1ce4                console_set_scope
 .text.console_putc
                0x00000000204e1cfc       0xa8 /home/matei/arm_summer_school/atf/build/imx93/release/bl31/multi_console.o
                0x00000000204e1cfc                console_putc
 .text.putchar  0x00000000204e1da4       0x28 /home/matei/arm_summer_school/atf/build/imx93/release/bl31/multi_console.o
                0x00000000204e1da4                putchar
 .text.console_flush
                0x00000000204e1dcc       0x54 /home/matei/arm_summer_school/atf/build/imx93/release/bl31/multi_console.o
                0x00000000204e1dcc                console_flush
 .text.udelay   0x00000000204e1e20       0x68 /home/matei/arm_summer_school/atf/build/imx93/release/bl31/delay_timer.o
                0x00000000204e1e20                udelay
 .text.timer_init
                0x00000000204e1e88        0xc /home/matei/arm_summer_school/atf/build/imx93/release/bl31/delay_timer.o
                0x00000000204e1e88                timer_init
 .text.generic_delay_timeout_init_us
                0x00000000204e1e94       0x24 /home/matei/arm_summer_school/atf/build/imx93/release/bl31/generic_delay_timer.o
 .text.generic_delay_timeout_elapsed
                0x00000000204e1eb8       0x10 /home/matei/arm_summer_school/atf/build/imx93/release/bl31/generic_delay_timer.o
 .text.generic_delay_get_timer_value
                0x00000000204e1ec8        0xc /home/matei/arm_summer_school/atf/build/imx93/release/bl31/generic_delay_timer.o
 .text.generic_delay_timer_init_args
                0x00000000204e1ed4       0x38 /home/matei/arm_summer_school/atf/build/imx93/release/bl31/generic_delay_timer.o
                0x00000000204e1ed4                generic_delay_timer_init_args
 .text.generic_delay_timer_init
                0x00000000204e1f0c       0x5c /home/matei/arm_summer_school/atf/build/imx93/release/bl31/generic_delay_timer.o
                0x00000000204e1f0c                generic_delay_timer_init
 .text.trdc_get_mbc_base
                0x00000000204e1f68       0x20 /home/matei/arm_summer_school/atf/build/imx93/release/bl31/imx_trdc.o
 .text.trdc_get_mrc_base
                0x00000000204e1f88       0x2c /home/matei/arm_summer_school/atf/build/imx93/release/bl31/imx_trdc.o
 .text.trdc_mda_set_cpu
                0x00000000204e1fb4       0x84 /home/matei/arm_summer_school/atf/build/imx93/release/bl31/imx_trdc.o
                0x00000000204e1fb4                trdc_mda_set_cpu
 .text.trdc_mda_set_noncpu
                0x00000000204e2038       0x64 /home/matei/arm_summer_school/atf/build/imx93/release/bl31/imx_trdc.o
                0x00000000204e2038                trdc_mda_set_noncpu
 .text.trdc_mbc_blk_num
                0x00000000204e209c       0x2c /home/matei/arm_summer_school/atf/build/imx93/release/bl31/imx_trdc.o
                0x00000000204e209c                trdc_mbc_blk_num
 .text.trdc_mbc_set_control
                0x00000000204e20c8       0xa4 /home/matei/arm_summer_school/atf/build/imx93/release/bl31/imx_trdc.o
                0x00000000204e20c8                trdc_mbc_set_control
 .text.trdc_mbc_blk_config
                0x00000000204e216c       0xdc /home/matei/arm_summer_school/atf/build/imx93/release/bl31/imx_trdc.o
                0x00000000204e216c                trdc_mbc_blk_config
 .text.trdc_mrc_set_control
                0x00000000204e2248       0x3c /home/matei/arm_summer_school/atf/build/imx93/release/bl31/imx_trdc.o
                0x00000000204e2248                trdc_mrc_set_control
 .text.trdc_mrc_rgn_config
                0x00000000204e2284       0x94 /home/matei/arm_summer_school/atf/build/imx93/release/bl31/imx_trdc.o
                0x00000000204e2284                trdc_mrc_rgn_config
 .text.trdc_mgr_mbc_setup
                0x00000000204e2318       0xa4 /home/matei/arm_summer_school/atf/build/imx93/release/bl31/imx_trdc.o
                0x00000000204e2318                trdc_mgr_mbc_setup
 .text.trdc_mgr_fused_slot_setup
                0x00000000204e23bc       0xa4 /home/matei/arm_summer_school/atf/build/imx93/release/bl31/imx_trdc.o
                0x00000000204e23bc                trdc_mgr_fused_slot_setup
 .text.trdc_setup
                0x00000000204e2460      0x20c /home/matei/arm_summer_school/atf/build/imx93/release/bl31/imx_trdc.o
                0x00000000204e2460                trdc_setup
 .text.trdc_try_lockup
                0x00000000204e266c       0xb8 /home/matei/arm_summer_school/atf/build/imx93/release/bl31/imx_trdc.o
                0x00000000204e266c                trdc_try_lockup
 .text.find_erratum_entry
                0x00000000204e2724       0x68 /home/matei/arm_summer_school/atf/build/imx93/release/bl31/errata_common.o
                0x00000000204e2724                find_erratum_entry
 .text.check_erratum_applies
                0x00000000204e278c       0x7c /home/matei/arm_summer_school/atf/build/imx93/release/bl31/errata_common.o
                0x00000000204e278c                check_erratum_applies
 .text.print_errata_status
                0x00000000204e2808        0x4 /home/matei/arm_summer_school/atf/build/imx93/release/bl31/errata_report.o
                0x00000000204e2808                print_errata_status
 .text.cm_init  0x00000000204e280c        0x4 /home/matei/arm_summer_school/atf/build/imx93/release/bl31/context_mgmt.o
                0x00000000204e280c                cm_init
 .text.cm_setup_context
                0x00000000204e2810      0x1bc /home/matei/arm_summer_school/atf/build/imx93/release/bl31/context_mgmt.o
                0x00000000204e2810                cm_setup_context
 .text.cm_manage_extensions_el3
                0x00000000204e29cc       0x40 /home/matei/arm_summer_school/atf/build/imx93/release/bl31/context_mgmt.o
                0x00000000204e29cc                cm_manage_extensions_el3
 .text.cm_manage_extensions_per_world
                0x00000000204e2a0c       0x9c /home/matei/arm_summer_school/atf/build/imx93/release/bl31/context_mgmt.o
                0x00000000204e2a0c                cm_manage_extensions_per_world
 .text.cm_init_percpu_once_regs
                0x00000000204e2aa8        0x4 /home/matei/arm_summer_school/atf/build/imx93/release/bl31/context_mgmt.o
                0x00000000204e2aa8                cm_init_percpu_once_regs
 .text.cm_init_my_context
                0x00000000204e2aac       0x30 /home/matei/arm_summer_school/atf/build/imx93/release/bl31/context_mgmt.o
                0x00000000204e2aac                cm_init_my_context
 .text.cm_el1_sysregs_context_restore
                0x00000000204e2adc      0x174 /home/matei/arm_summer_school/atf/build/imx93/release/bl31/context_mgmt.o
                0x00000000204e2adc                cm_el1_sysregs_context_restore
 .text.cm_write_scr_el3_bit
                0x00000000204e2c50       0x44 /home/matei/arm_summer_school/atf/build/imx93/release/bl31/context_mgmt.o
                0x00000000204e2c50                cm_write_scr_el3_bit
 .text.cm_set_next_eret_context
                0x00000000204e2c94       0x24 /home/matei/arm_summer_school/atf/build/imx93/release/bl31/context_mgmt.o
                0x00000000204e2c94                cm_set_next_eret_context
 .text.cm_prepare_el3_exit
                0x00000000204e2cb8       0x54 /home/matei/arm_summer_school/atf/build/imx93/release/bl31/context_mgmt.o
                0x00000000204e2cb8                cm_prepare_el3_exit
 .text.cm_prepare_el3_exit_ns
                0x00000000204e2d0c        0x8 /home/matei/arm_summer_school/atf/build/imx93/release/bl31/context_mgmt.o
                0x00000000204e2d0c                cm_prepare_el3_exit_ns
 .text.cpu_data_init_cpu_ops
                0x00000000204e2d14       0x44 /home/matei/arm_summer_school/atf/build/imx93/release/bl31/cpu_data_array.o
                0x00000000204e2d14                cpu_data_init_cpu_ops
 .text.mpam_enable_per_world
                0x00000000204e2d58       0x14 /home/matei/arm_summer_school/atf/build/imx93/release/bl31/mpam.o
                0x00000000204e2d58                mpam_enable_per_world
 .text.mpam_init_el3
                0x00000000204e2d6c        0x4 /home/matei/arm_summer_school/atf/build/imx93/release/bl31/mpam.o
                0x00000000204e2d6c                mpam_init_el3
 .text.pmuv3_enable
                0x00000000204e2d70       0x28 /home/matei/arm_summer_school/atf/build/imx93/release/bl31/pmuv3.o
                0x00000000204e2d70                pmuv3_enable
 .text.pmuv3_init_el3
                0x00000000204e2d98       0x1c /home/matei/arm_summer_school/atf/build/imx93/release/bl31/pmuv3.o
                0x00000000204e2d98                pmuv3_init_el3
 .text.spe_enable_ns
                0x00000000204e2db4       0x1c /home/matei/arm_summer_school/atf/build/imx93/release/bl31/spe.o
                0x00000000204e2db4                spe_enable_ns
 .text.spe_disable_secure
                0x00000000204e2dd0       0x1c /home/matei/arm_summer_school/atf/build/imx93/release/bl31/spe.o
                0x00000000204e2dd0                spe_disable_secure
 .text.sve_init_el3
                0x00000000204e2dec        0xc /home/matei/arm_summer_school/atf/build/imx93/release/bl31/sve.o
                0x00000000204e2dec                sve_init_el3
 .text.sve_enable_per_world
                0x00000000204e2df8       0x10 /home/matei/arm_summer_school/atf/build/imx93/release/bl31/sve.o
                0x00000000204e2df8                sve_enable_per_world
 .text.sve_disable_per_world
                0x00000000204e2e08       0x14 /home/matei/arm_summer_school/atf/build/imx93/release/bl31/sve.o
                0x00000000204e2e08                sve_disable_per_world
 .text.per_cpu_by_index_compute
                0x00000000204e2e1c       0x30 /home/matei/arm_summer_school/atf/build/imx93/release/bl31/per_cpu.o
                0x00000000204e2e1c                per_cpu_by_index_compute
 .text.per_cpu_cur_compute
                0x00000000204e2e4c       0x18 /home/matei/arm_summer_school/atf/build/imx93/release/bl31/per_cpu.o
                0x00000000204e2e4c                per_cpu_cur_compute
 .text.psci_set_req_local_pwr_state
                0x00000000204e2e64       0x34 /home/matei/arm_summer_school/atf/build/imx93/release/bl31/psci_common.o
 .text.call_cpu_pwr_dwn
                0x00000000204e2e98       0x40 /home/matei/arm_summer_school/atf/build/imx93/release/bl31/psci_common.o
 .text.psci_validate_power_state
                0x00000000204e2ed8       0x28 /home/matei/arm_summer_school/atf/build/imx93/release/bl31/psci_common.o
                0x00000000204e2ed8                psci_validate_power_state
 .text.psci_query_sys_suspend_pwrstate
                0x00000000204e2f00       0x14 /home/matei/arm_summer_school/atf/build/imx93/release/bl31/psci_common.o
                0x00000000204e2f00                psci_query_sys_suspend_pwrstate
 .text.psci_is_last_on_cpu
                0x00000000204e2f14       0x74 /home/matei/arm_summer_school/atf/build/imx93/release/bl31/psci_common.o
                0x00000000204e2f14                psci_is_last_on_cpu
 .text.psci_init_req_local_pwr_states
                0x00000000204e2f88       0x3c /home/matei/arm_summer_school/atf/build/imx93/release/bl31/psci_common.o
                0x00000000204e2f88                psci_init_req_local_pwr_states
 .text.psci_get_target_local_pwr_states
                0x00000000204e2fc4       0x9c /home/matei/arm_summer_school/atf/build/imx93/release/bl31/psci_common.o
                0x00000000204e2fc4                psci_get_target_local_pwr_states
 .text.psci_set_target_local_pwr_states
                0x00000000204e3060       0x80 /home/matei/arm_summer_school/atf/build/imx93/release/bl31/psci_common.o
                0x00000000204e3060                psci_set_target_local_pwr_states
 .text.psci_get_parent_pwr_domain_nodes
                0x00000000204e30e0       0x5c /home/matei/arm_summer_school/atf/build/imx93/release/bl31/psci_common.o
                0x00000000204e30e0                psci_get_parent_pwr_domain_nodes
 .text.psci_set_pwr_domains_to_run
                0x00000000204e313c       0x88 /home/matei/arm_summer_school/atf/build/imx93/release/bl31/psci_common.o
                0x00000000204e313c                psci_set_pwr_domains_to_run
 .text.psci_do_state_coordination
                0x00000000204e31c4      0x110 /home/matei/arm_summer_school/atf/build/imx93/release/bl31/psci_common.o
                0x00000000204e31c4                psci_do_state_coordination
 .text.psci_find_max_off_lvl
                0x00000000204e32d4       0x4c /home/matei/arm_summer_school/atf/build/imx93/release/bl31/psci_common.o
                0x00000000204e32d4                psci_find_max_off_lvl
 .text.psci_find_target_suspend_lvl
                0x00000000204e3320       0x34 /home/matei/arm_summer_school/atf/build/imx93/release/bl31/psci_common.o
                0x00000000204e3320                psci_find_target_suspend_lvl
 .text.psci_acquire_pwr_domain_locks
                0x00000000204e3354       0x6c /home/matei/arm_summer_school/atf/build/imx93/release/bl31/psci_common.o
                0x00000000204e3354                psci_acquire_pwr_domain_locks
 .text.psci_release_pwr_domain_locks
                0x00000000204e33c0       0x58 /home/matei/arm_summer_school/atf/build/imx93/release/bl31/psci_common.o
                0x00000000204e33c0                psci_release_pwr_domain_locks
 .text.psci_validate_entry_point
                0x00000000204e3418       0xf4 /home/matei/arm_summer_school/atf/build/imx93/release/bl31/psci_common.o
                0x00000000204e3418                psci_validate_entry_point
 .text.psci_warmboot_entrypoint
                0x00000000204e350c       0xfc /home/matei/arm_summer_school/atf/build/imx93/release/bl31/psci_common.o
                0x00000000204e350c                psci_warmboot_entrypoint
 .text.psci_spd_migrate_info
                0x00000000204e3608       0x24 /home/matei/arm_summer_school/atf/build/imx93/release/bl31/psci_common.o
                0x00000000204e3608                psci_spd_migrate_info
 .text.psci_print_power_domain_map
                0x00000000204e362c        0x4 /home/matei/arm_summer_school/atf/build/imx93/release/bl31/psci_common.o
                0x00000000204e362c                psci_print_power_domain_map
 .text.psci_pwrdown_cpu_start
                0x00000000204e3630        0x4 /home/matei/arm_summer_school/atf/build/imx93/release/bl31/psci_common.o
                0x00000000204e3630                psci_pwrdown_cpu_start
 .text.psci_pwrdown_cpu_end_terminal
                0x00000000204e3634       0x30 /home/matei/arm_summer_school/atf/build/imx93/release/bl31/psci_common.o
                0x00000000204e3634                psci_pwrdown_cpu_end_terminal
 .text.psci_pwrdown_cpu_end_wakeup
                0x00000000204e3664       0x3c /home/matei/arm_summer_school/atf/build/imx93/release/bl31/psci_common.o
                0x00000000204e3664                psci_pwrdown_cpu_end_wakeup
 .text.is_valid_mpidr
                0x00000000204e36a0       0x1c /home/matei/arm_summer_school/atf/build/imx93/release/bl31/psci_main.o
 .text.psci_cpu_on
                0x00000000204e36bc       0x84 /home/matei/arm_summer_school/atf/build/imx93/release/bl31/psci_main.o
                0x00000000204e36bc                psci_cpu_on
 .text.psci_cpu_suspend
                0x00000000204e3740      0x120 /home/matei/arm_summer_school/atf/build/imx93/release/bl31/psci_main.o
                0x00000000204e3740                psci_cpu_suspend
 .text.psci_system_suspend
                0x00000000204e3860       0x94 /home/matei/arm_summer_school/atf/build/imx93/release/bl31/psci_main.o
                0x00000000204e3860                psci_system_suspend
 .text.psci_cpu_off
                0x00000000204e38f4        0x8 /home/matei/arm_summer_school/atf/build/imx93/release/bl31/psci_main.o
                0x00000000204e38f4                psci_cpu_off
 .text.psci_affinity_info
                0x00000000204e38fc       0x6c /home/matei/arm_summer_school/atf/build/imx93/release/bl31/psci_main.o
                0x00000000204e38fc                psci_affinity_info
 .text.psci_migrate
                0x00000000204e3968       0x88 /home/matei/arm_summer_school/atf/build/imx93/release/bl31/psci_main.o
                0x00000000204e3968                psci_migrate
 .text.psci_migrate_info_type
                0x00000000204e39f0       0x1c /home/matei/arm_summer_school/atf/build/imx93/release/bl31/psci_main.o
                0x00000000204e39f0                psci_migrate_info_type
 .text.psci_migrate_info_up_cpu
                0x00000000204e3a0c       0x2c /home/matei/arm_summer_school/atf/build/imx93/release/bl31/psci_main.o
                0x00000000204e3a0c                psci_migrate_info_up_cpu
 .text.psci_node_hw_state
                0x00000000204e3a38       0x58 /home/matei/arm_summer_school/atf/build/imx93/release/bl31/psci_main.o
                0x00000000204e3a38                psci_node_hw_state
 .text.psci_features
                0x00000000204e3a90       0x64 /home/matei/arm_summer_school/atf/build/imx93/release/bl31/psci_main.o
                0x00000000204e3a90                psci_features
 .text.psci_smc_handler
                0x00000000204e3af4      0x14c /home/matei/arm_summer_school/atf/build/imx93/release/bl31/psci_main.o
                0x00000000204e3af4                psci_smc_handler
 .text.psci_mem_protect
                0x00000000204e3c40       0x60 /home/matei/arm_summer_school/atf/build/imx93/release/bl31/psci_mem_protect.o
                0x00000000204e3c40                psci_mem_protect
 .text.psci_mem_chk_range
                0x00000000204e3ca0       0x48 /home/matei/arm_summer_school/atf/build/imx93/release/bl31/psci_mem_protect.o
                0x00000000204e3ca0                psci_mem_chk_range
 .text.psci_do_cpu_off
                0x00000000204e3ce8      0x124 /home/matei/arm_summer_school/atf/build/imx93/release/bl31/psci_off.o
                0x00000000204e3ce8                psci_do_cpu_off
 .text.psci_cpu_on_start
                0x00000000204e3e0c      0x174 /home/matei/arm_summer_school/atf/build/imx93/release/bl31/psci_on.o
                0x00000000204e3e0c                psci_cpu_on_start
 .text.psci_cpu_on_finish
                0x00000000204e3f80       0xe4 /home/matei/arm_summer_school/atf/build/imx93/release/bl31/psci_on.o
                0x00000000204e3f80                psci_cpu_on_finish
 .text.psci_arch_setup
                0x00000000204e4064       0x24 /home/matei/arm_summer_school/atf/build/imx93/release/bl31/psci_setup.o
                0x00000000204e4064                psci_arch_setup
 .text.psci_setup
                0x00000000204e4088      0x384 /home/matei/arm_summer_school/atf/build/imx93/release/bl31/psci_setup.o
                0x00000000204e4088                psci_setup
 .text.psci_cpu_suspend_to_powerdown_finish
                0x00000000204e440c       0xa4 /home/matei/arm_summer_school/atf/build/imx93/release/bl31/psci_suspend.o
                0x00000000204e440c                psci_cpu_suspend_to_powerdown_finish
 .text.psci_cpu_suspend_start
                0x00000000204e44b0      0x1b8 /home/matei/arm_summer_school/atf/build/imx93/release/bl31/psci_suspend.o
                0x00000000204e44b0                psci_cpu_suspend_start
 .text.psci_system_off
                0x00000000204e4668       0x3c /home/matei/arm_summer_school/atf/build/imx93/release/bl31/psci_system_off.o
                0x00000000204e4668                psci_system_off
 .text.psci_system_reset
                0x00000000204e46a4       0x3c /home/matei/arm_summer_school/atf/build/imx93/release/bl31/psci_system_off.o
                0x00000000204e46a4                psci_system_reset
 .text.psci_system_reset2
                0x00000000204e46e0       0xac /home/matei/arm_summer_school/atf/build/imx93/release/bl31/psci_system_off.o
                0x00000000204e46e0                psci_system_reset2
 .text.xlat_arch_get_pas
                0x00000000204e478c       0x14 /home/matei/arm_summer_school/atf/build/imx93/release/bl31/xlat_tables_arch.o
                0x00000000204e478c                xlat_arch_get_pas
 .text.tcr_physical_addr_size_bits
                0x00000000204e47a0       0x4c /home/matei/arm_summer_school/atf/build/imx93/release/bl31/xlat_tables_arch.o
                0x00000000204e47a0                tcr_physical_addr_size_bits
 .text.xlat_arch_regime_get_xn_desc
                0x00000000204e47ec       0x14 /home/matei/arm_summer_school/atf/build/imx93/release/bl31/xlat_tables_arch.o
                0x00000000204e47ec                xlat_arch_regime_get_xn_desc
 .text.xlat_arch_current_el
                0x00000000204e4800        0xc /home/matei/arm_summer_school/atf/build/imx93/release/bl31/xlat_tables_arch.o
                0x00000000204e4800                xlat_arch_current_el
 .text.setup_mmu_cfg
                0x00000000204e480c       0x7c /home/matei/arm_summer_school/atf/build/imx93/release/bl31/xlat_tables_arch.o
                0x00000000204e480c                setup_mmu_cfg
 .text.mmap_add
                0x00000000204e4888       0x10 /home/matei/arm_summer_school/atf/build/imx93/release/bl31/xlat_tables_context.o
                0x00000000204e4888                mmap_add
 .text.init_xlat_tables
                0x00000000204e4898       0x3c /home/matei/arm_summer_school/atf/build/imx93/release/bl31/xlat_tables_context.o
                0x00000000204e4898                init_xlat_tables
 .text.enable_mmu_el3
                0x00000000204e48d4       0x48 /home/matei/arm_summer_school/atf/build/imx93/release/bl31/xlat_tables_context.o
                0x00000000204e48d4                enable_mmu_el3
 .text.xlat_desc
                0x00000000204e491c       0xec /home/matei/arm_summer_school/atf/build/imx93/release/bl31/xlat_tables_core.o
                0x00000000204e491c                xlat_desc
 .text.xlat_tables_map_region
                0x00000000204e4a08      0x1d0 /home/matei/arm_summer_school/atf/build/imx93/release/bl31/xlat_tables_core.o
 .text.mmap_add_region_ctx
                0x00000000204e4bd8      0x230 /home/matei/arm_summer_school/atf/build/imx93/release/bl31/xlat_tables_core.o
                0x00000000204e4bd8                mmap_add_region_ctx
 .text.mmap_add_ctx
                0x00000000204e4e08       0x3c /home/matei/arm_summer_school/atf/build/imx93/release/bl31/xlat_tables_core.o
                0x00000000204e4e08                mmap_add_ctx
 .text.init_xlat_tables_ctx
                0x00000000204e4e44       0xd0 /home/matei/arm_summer_school/atf/build/imx93/release/bl31/xlat_tables_core.o
                0x00000000204e4e44                init_xlat_tables_ctx
 .text.xlat_mmap_print
                0x00000000204e4f14        0x4 /home/matei/arm_summer_school/atf/build/imx93/release/bl31/xlat_tables_utils.o
                0x00000000204e4f14                xlat_mmap_print
 .text.xlat_tables_print
                0x00000000204e4f18        0x4 /home/matei/arm_summer_school/atf/build/imx93/release/bl31/xlat_tables_utils.o
                0x00000000204e4f18                xlat_tables_print
 .text.bl31_plat_runtime_setup
                0x00000000204e4f1c        0x4 /home/matei/arm_summer_school/atf/build/imx93/release/bl31/plat_common.o
                0x00000000204e4f1c                bl31_plat_runtime_setup
 .text.plat_get_soc_version
                0x00000000204e4f20        0x8 /home/matei/arm_summer_school/atf/build/imx93/release/bl31/plat_bl_common.o
                0x00000000204e4f20                plat_get_soc_version
 .text.plat_get_soc_revision
                0x00000000204e4f28        0x8 /home/matei/arm_summer_school/atf/build/imx93/release/bl31/plat_bl_common.o
                0x00000000204e4f28                plat_get_soc_revision
 .text.plat_get_soc_name
                0x00000000204e4f30        0x8 /home/matei/arm_summer_school/atf/build/imx93/release/bl31/plat_bl_common.o
                0x00000000204e4f30                plat_get_soc_name
 .text.plat_is_smccc_feature_available
                0x00000000204e4f38        0x8 /home/matei/arm_summer_school/atf/build/imx93/release/bl31/plat_bl_common.o
                0x00000000204e4f38                plat_is_smccc_feature_available
 .text.setup_page_tables
                0x00000000204e4f40       0x28 /home/matei/arm_summer_school/atf/build/imx93/release/bl31/plat_bl_common.o
                0x00000000204e4f40                setup_page_tables
 .text.plat_ic_get_pending_interrupt_type
                0x00000000204e4f68       0x34 /home/matei/arm_summer_school/atf/build/imx93/release/bl31/plat_gicv3.o
                0x00000000204e4f68                plat_ic_get_pending_interrupt_type
 .text.plat_ic_acknowledge_interrupt
                0x00000000204e4f9c        0xc /home/matei/arm_summer_school/atf/build/imx93/release/bl31/plat_gicv3.o
                0x00000000204e4f9c                plat_ic_acknowledge_interrupt
 .text.plat_ic_end_of_interrupt
                0x00000000204e4fa8       0x10 /home/matei/arm_summer_school/atf/build/imx93/release/bl31/plat_gicv3.o
                0x00000000204e4fa8                plat_ic_end_of_interrupt
 .text.plat_interrupt_type_to_line
                0x00000000204e4fb8       0x48 /home/matei/arm_summer_school/atf/build/imx93/release/bl31/plat_gicv3.o
                0x00000000204e4fb8                plat_interrupt_type_to_line
 .text.plat_ic_has_interrupt_type
                0x00000000204e5000        0xc /home/matei/arm_summer_school/atf/build/imx93/release/bl31/plat_gicv3.o
                0x00000000204e5000                plat_ic_has_interrupt_type
 .text.plat_ic_raise_el3_sgi
                0x00000000204e500c        0xc /home/matei/arm_summer_school/atf/build/imx93/release/bl31/plat_gicv3.o
                0x00000000204e500c                plat_ic_raise_el3_sgi
 .text.plat_log_get_prefix
                0x00000000204e5018       0x30 /home/matei/arm_summer_school/atf/build/imx93/release/bl31/plat_log_common.o
                0x00000000204e5018                plat_log_get_prefix
 .text.plat_get_target_pwr_state
                0x00000000204e5048       0x28 /home/matei/arm_summer_school/atf/build/imx93/release/bl31/plat_psci_common.o
                0x00000000204e5048                plat_get_target_pwr_state
 .text.imx_bl31_params_parse
                0x00000000204e5070       0x5c /home/matei/arm_summer_school/atf/build/imx93/release/bl31/imx_common.o
                0x00000000204e5070                imx_bl31_params_parse
 .text.imx_buildinfo_handler
                0x00000000204e50cc        0xc /home/matei/arm_summer_school/atf/build/imx93/release/bl31/imx_sip_handler.o
                0x00000000204e50cc                imx_buildinfo_handler
 .text.imx_kernel_entry_handler
                0x00000000204e50d8       0x64 /home/matei/arm_summer_school/atf/build/imx93/release/bl31/imx_sip_handler.o
                0x00000000204e50d8                imx_kernel_entry_handler
 .text.imx_bbsm_handler
                0x00000000204e513c       0x90 /home/matei/arm_summer_school/atf/build/imx93/release/bl31/imx_sip_handler.o
                0x00000000204e513c                imx_bbsm_handler
 .text.imx_sip_setup
                0x00000000204e51cc        0x8 /home/matei/arm_summer_school/atf/build/imx93/release/bl31/imx_sip_svc.o
 .text.imx_sip_handler
                0x00000000204e51d4       0xcc /home/matei/arm_summer_school/atf/build/imx93/release/bl31/imx_sip_svc.o
 .text.plat_imx_mpidr_to_core_pos
                0x00000000204e52a0        0x4 /home/matei/arm_summer_school/atf/build/imx93/release/bl31/plat_imx8_gic.o
 .text.plat_gic_driver_init
                0x00000000204e52a4        0xc /home/matei/arm_summer_school/atf/build/imx93/release/bl31/plat_imx8_gic.o
                0x00000000204e52a4                plat_gic_driver_init
 .text.plat_gic_init
                0x00000000204e52b0       0x40 /home/matei/arm_summer_school/atf/build/imx93/release/bl31/plat_imx8_gic.o
                0x00000000204e52b0                plat_gic_init
 .text.plat_gic_cpuif_enable
                0x00000000204e52f0       0x14 /home/matei/arm_summer_school/atf/build/imx93/release/bl31/plat_imx8_gic.o
                0x00000000204e52f0                plat_gic_cpuif_enable
 .text.plat_gic_cpuif_disable
                0x00000000204e5304       0x14 /home/matei/arm_summer_school/atf/build/imx93/release/bl31/plat_imx8_gic.o
                0x00000000204e5304                plat_gic_cpuif_disable
 .text.plat_gic_pcpu_init
                0x00000000204e5318       0x14 /home/matei/arm_summer_school/atf/build/imx93/release/bl31/plat_imx8_gic.o
                0x00000000204e5318                plat_gic_pcpu_init
 .text.plat_gic_save
                0x00000000204e532c       0x34 /home/matei/arm_summer_school/atf/build/imx93/release/bl31/plat_imx8_gic.o
                0x00000000204e532c                plat_gic_save
 .text.plat_gic_restore
                0x00000000204e5360       0x38 /home/matei/arm_summer_school/atf/build/imx93/release/bl31/plat_imx8_gic.o
                0x00000000204e5360                plat_gic_restore
 .text.imx9_soc_info_handler
                0x00000000204e5398       0x34 /home/matei/arm_summer_school/atf/build/imx93/release/bl31/ele_api.o
                0x00000000204e5398                imx9_soc_info_handler
 .text.ele_get_soc_info
                0x00000000204e53cc       0x80 /home/matei/arm_summer_school/atf/build/imx93/release/bl31/ele_api.o
                0x00000000204e53cc                ele_get_soc_info
 .text.ele_program_bbsm
                0x00000000204e544c       0xa8 /home/matei/arm_summer_school/atf/build/imx93/release/bl31/ele_api.o
                0x00000000204e544c                ele_program_bbsm
 .text.ddr_pll_init
                0x00000000204e54f4      0x128 /home/matei/arm_summer_school/atf/build/imx93/release/bl31/ddr_dvfs.o
                0x00000000204e54f4                ddr_pll_init
 .text.ddr_pll_bypass
                0x00000000204e561c       0xd8 /home/matei/arm_summer_school/atf/build/imx93/release/bl31/ddr_dvfs.o
                0x00000000204e561c                ddr_pll_bypass
 .text.ddr_disable_bypass
                0x00000000204e56f4       0x3c /home/matei/arm_summer_school/atf/build/imx93/release/bl31/ddr_dvfs.o
                0x00000000204e56f4                ddr_disable_bypass
 .text.ddr_clock_switch
                0x00000000204e5730       0x28 /home/matei/arm_summer_school/atf/build/imx93/release/bl31/ddr_dvfs.o
                0x00000000204e5730                ddr_clock_switch
 .text.ddr_swffc
                0x00000000204e5758      0x270 /home/matei/arm_summer_school/atf/build/imx93/release/bl31/ddr_dvfs.o
                0x00000000204e5758                ddr_swffc
 .text.ipg_stop_ack_wait
                0x00000000204e59c8       0x1c /home/matei/arm_summer_school/atf/build/imx93/release/bl31/ddr_dvfs.o
                0x00000000204e59c8                ipg_stop_ack_wait
 .text.dram_hwffc_half_speed
                0x00000000204e59e4       0x44 /home/matei/arm_summer_school/atf/build/imx93/release/bl31/ddr_dvfs.o
                0x00000000204e59e4                dram_hwffc_half_speed
 .text.dram_hwffc_full_speed
                0x00000000204e5a28       0x94 /home/matei/arm_summer_school/atf/build/imx93/release/bl31/ddr_dvfs.o
                0x00000000204e5a28                dram_hwffc_full_speed
 .text.ddr_hwffc
                0x00000000204e5abc       0x84 /home/matei/arm_summer_school/atf/build/imx93/release/bl31/ddr_dvfs.o
                0x00000000204e5abc                ddr_hwffc
 .text.waiting_dvfs
                0x00000000204e5b40       0x70 /home/matei/arm_summer_school/atf/build/imx93/release/bl31/dram.o
 .text.ddrphy_addr_remap
                0x00000000204e5bb0      0x45c /home/matei/arm_summer_school/atf/build/imx93/release/bl31/dram.o
                0x00000000204e5bb0                ddrphy_addr_remap
 .text.check_ddrc_idle
                0x00000000204e600c       0x78 /home/matei/arm_summer_school/atf/build/imx93/release/bl31/dram.o
                0x00000000204e600c                check_ddrc_idle
 .text.ddrc_mrs
                0x00000000204e6084      0x104 /home/matei/arm_summer_school/atf/build/imx93/release/bl31/dram.o
                0x00000000204e6084                ddrc_mrs
 .text.ddrc_apply_reg_config
                0x00000000204e6188       0x6c /home/matei/arm_summer_school/atf/build/imx93/release/bl31/dram.o
                0x00000000204e6188                ddrc_apply_reg_config
 .text.dram_info_init
                0x00000000204e61f4       0x84 /home/matei/arm_summer_school/atf/build/imx93/release/bl31/dram.o
                0x00000000204e61f4                dram_info_init
 .text.dram_dvfs_handler
                0x00000000204e6278      0x168 /home/matei/arm_summer_school/atf/build/imx93/release/bl31/dram.o
                0x00000000204e6278                dram_dvfs_handler
 .text.dram_pll_init
                0x00000000204e63e0       0x34 /home/matei/arm_summer_school/atf/build/imx93/release/bl31/dram_retention.o
                0x00000000204e63e0                dram_pll_init
 .text.self_refresh_enter
                0x00000000204e6414       0x18 /home/matei/arm_summer_school/atf/build/imx93/release/bl31/dram_retention.o
                0x00000000204e6414                self_refresh_enter
 .text.check_dfi_init_complete
                0x00000000204e642c       0x20 /home/matei/arm_summer_school/atf/build/imx93/release/bl31/dram_retention.o
                0x00000000204e642c                check_dfi_init_complete
 .text.dram_enter_retention
                0x00000000204e644c      0x23c /home/matei/arm_summer_school/atf/build/imx93/release/bl31/dram_retention.o
                0x00000000204e644c                dram_enter_retention
 .text.dram_phy_init
                0x00000000204e6688      0x104 /home/matei/arm_summer_school/atf/build/imx93/release/bl31/dram_retention.o
                0x00000000204e6688                dram_phy_init
 .text.ddrc_init
                0x00000000204e678c       0xa4 /home/matei/arm_summer_school/atf/build/imx93/release/bl31/dram_retention.o
                0x00000000204e678c                ddrc_init
 .text.ddrphy_coldreset
                0x00000000204e6830       0x98 /home/matei/arm_summer_school/atf/build/imx93/release/bl31/dram_retention.o
                0x00000000204e6830                ddrphy_coldreset
 .text.dram_exit_retention
                0x00000000204e68c8       0x9c /home/matei/arm_summer_school/atf/build/imx93/release/bl31/dram_retention.o
                0x00000000204e68c8                dram_exit_retention
 .text.bl31_early_platform_setup2
                0x00000000204e6964       0xa0 /home/matei/arm_summer_school/atf/build/imx93/release/bl31/imx93_bl31_setup.o
                0x00000000204e6964                bl31_early_platform_setup2
 .text.bl31_plat_arch_setup
                0x00000000204e6a04      0x108 /home/matei/arm_summer_school/atf/build/imx93/release/bl31/imx93_bl31_setup.o
                0x00000000204e6a04                bl31_plat_arch_setup
 .text.bl31_platform_setup
                0x00000000204e6b0c       0x28 /home/matei/arm_summer_school/atf/build/imx93/release/bl31/imx93_bl31_setup.o
                0x00000000204e6b0c                bl31_platform_setup
 .text.bl31_plat_get_next_image_ep_info
                0x00000000204e6b34       0x28 /home/matei/arm_summer_school/atf/build/imx93/release/bl31/imx93_bl31_setup.o
                0x00000000204e6b34                bl31_plat_get_next_image_ep_info
 .text.plat_get_syscnt_freq2
                0x00000000204e6b5c        0xc /home/matei/arm_summer_school/atf/build/imx93/release/bl31/imx93_bl31_setup.o
                0x00000000204e6b5c                plat_get_syscnt_freq2
 .text.imx_validate_ns_entrypoint
                0x00000000204e6b68       0x14 /home/matei/arm_summer_school/atf/build/imx93/release/bl31/imx93_psci.o
                0x00000000204e6b68                imx_validate_ns_entrypoint
 .text.imx_validate_power_state
                0x00000000204e6b7c       0x5c /home/matei/arm_summer_school/atf/build/imx93/release/bl31/imx93_psci.o
                0x00000000204e6b7c                imx_validate_power_state
 .text.imx_get_sys_suspend_power_state
                0x00000000204e6bd8       0x18 /home/matei/arm_summer_school/atf/build/imx93/release/bl31/imx93_psci.o
                0x00000000204e6bd8                imx_get_sys_suspend_power_state
 .text.imx_system_reset
                0x00000000204e6bf0       0x38 /home/matei/arm_summer_school/atf/build/imx93/release/bl31/imx93_psci.o
                0x00000000204e6bf0                imx_system_reset
 .text.imx_system_off
                0x00000000204e6c28       0x1c /home/matei/arm_summer_school/atf/build/imx93/release/bl31/imx93_psci.o
                0x00000000204e6c28                imx_system_off
 .text.imx_pwr_domain_on_finish
                0x00000000204e6c44       0xf4 /home/matei/arm_summer_school/atf/build/imx93/release/bl31/imx93_psci.o
                0x00000000204e6c44                imx_pwr_domain_on_finish
 .text.imx_pwr_domain_off
                0x00000000204e6d38       0x84 /home/matei/arm_summer_school/atf/build/imx93/release/bl31/imx93_psci.o
                0x00000000204e6d38                imx_pwr_domain_off
 .text.arm_gicv3_distif_pre_save
                0x00000000204e6dbc        0x4 /home/matei/arm_summer_school/atf/build/imx93/release/bl31/imx93_psci.o
                0x00000000204e6dbc                arm_gicv3_distif_pre_save
 .text.arm_gicv3_distif_post_restore
                0x00000000204e6dc0        0x4 /home/matei/arm_summer_school/atf/build/imx93/release/bl31/imx93_psci.o
                0x00000000204e6dc0                arm_gicv3_distif_post_restore
 .text.peripheral_qchannel_hsk
                0x00000000204e6dc4      0x108 /home/matei/arm_summer_school/atf/build/imx93/release/bl31/imx93_psci.o
                0x00000000204e6dc4                peripheral_qchannel_hsk
 .text.pll_pwr_down
                0x00000000204e6ecc       0xe8 /home/matei/arm_summer_school/atf/build/imx93/release/bl31/imx93_psci.o
                0x00000000204e6ecc                pll_pwr_down
 .text.s401_request_pwrdown
                0x00000000204e6fb4       0x50 /home/matei/arm_summer_school/atf/build/imx93/release/bl31/imx93_psci.o
                0x00000000204e6fb4                s401_request_pwrdown
 .text.imx_set_sys_wakeup
                0x00000000204e7004      0x12c /home/matei/arm_summer_school/atf/build/imx93/release/bl31/imx93_psci.o
                0x00000000204e7004                imx_set_sys_wakeup
 .text.nicmix_qos_init
                0x00000000204e7130       0x38 /home/matei/arm_summer_school/atf/build/imx93/release/bl31/imx93_psci.o
                0x00000000204e7130                nicmix_qos_init
 .text.wakeupmix_qos_init
                0x00000000204e7168       0x78 /home/matei/arm_summer_school/atf/build/imx93/release/bl31/imx93_psci.o
                0x00000000204e7168                wakeupmix_qos_init
 .text.nicmix_pwr_down
                0x00000000204e71e0       0xec /home/matei/arm_summer_school/atf/build/imx93/release/bl31/imx93_psci.o
                0x00000000204e71e0                nicmix_pwr_down
 .text.nicmix_pwr_up
                0x00000000204e72cc       0xbc /home/matei/arm_summer_school/atf/build/imx93/release/bl31/imx93_psci.o
                0x00000000204e72cc                nicmix_pwr_up
 .text.set_gpio_secure
                0x00000000204e7388       0x78 /home/matei/arm_summer_school/atf/build/imx93/release/bl31/imx93_psci.o
                0x00000000204e7388                set_gpio_secure
 .text.gpio_save
                0x00000000204e7400       0xfc /home/matei/arm_summer_school/atf/build/imx93/release/bl31/imx93_psci.o
                0x00000000204e7400                gpio_save
 .text.gpio_restore
                0x00000000204e74fc       0xb4 /home/matei/arm_summer_school/atf/build/imx93/release/bl31/imx93_psci.o
                0x00000000204e74fc                gpio_restore
 .text.wdog_save
                0x00000000204e75b0       0x40 /home/matei/arm_summer_school/atf/build/imx93/release/bl31/imx93_psci.o
                0x00000000204e75b0                wdog_save
 .text.wdog_restore
                0x00000000204e75f0       0x68 /home/matei/arm_summer_school/atf/build/imx93/release/bl31/imx93_psci.o
                0x00000000204e75f0                wdog_restore
 .text.wakeupmix_pwr_down
                0x00000000204e7658       0xe4 /home/matei/arm_summer_school/atf/build/imx93/release/bl31/imx93_psci.o
                0x00000000204e7658                wakeupmix_pwr_down
 .text.wakeupmix_pwr_up
                0x00000000204e773c       0xb8 /home/matei/arm_summer_school/atf/build/imx93/release/bl31/imx93_psci.o
                0x00000000204e773c                wakeupmix_pwr_up
 .text.imx_pwr_domain_suspend_finish
                0x00000000204e77f4      0x198 /home/matei/arm_summer_school/atf/build/imx93/release/bl31/imx93_psci.o
                0x00000000204e77f4                imx_pwr_domain_suspend_finish
 .text.imx_set_cpu_boot_entry
                0x00000000204e798c       0x18 /home/matei/arm_summer_school/atf/build/imx93/release/bl31/imx93_psci.o
                0x00000000204e798c                imx_set_cpu_boot_entry
 .text.imx_pwr_domain_on
                0x00000000204e79a4       0x98 /home/matei/arm_summer_school/atf/build/imx93/release/bl31/imx93_psci.o
                0x00000000204e79a4                imx_pwr_domain_on
 .text.imx_pwr_domain_suspend
                0x00000000204e7a3c      0x214 /home/matei/arm_summer_school/atf/build/imx93/release/bl31/imx93_psci.o
                0x00000000204e7a3c                imx_pwr_domain_suspend
 .text.plat_setup_psci_ops
                0x00000000204e7c50       0x50 /home/matei/arm_summer_school/atf/build/imx93/release/bl31/imx93_psci.o
                0x00000000204e7c50                plat_setup_psci_ops
 .text.plat_get_power_domain_tree_desc
                0x00000000204e7ca0        0xc /home/matei/arm_summer_school/atf/build/imx93/release/bl31/plat_topology.o
                0x00000000204e7ca0                plat_get_power_domain_tree_desc
 .text.plat_core_pos_by_mpidr
                0x00000000204e7cac       0x1c /home/matei/arm_summer_school/atf/build/imx93/release/bl31/plat_topology.o
                0x00000000204e7cac                plat_core_pos_by_mpidr
 .text.pwr_sys_init
                0x00000000204e7cc8      0x1ac /home/matei/arm_summer_school/atf/build/imx93/release/bl31/pwr_ctrl.o
                0x00000000204e7cc8                pwr_sys_init
 .text.disable_wdog
                0x00000000204e7e74       0x5c /home/matei/arm_summer_school/atf/build/imx93/release/bl31/src.o
                0x00000000204e7e74                disable_wdog
 .text.imx_src_handler
                0x00000000204e7ed0      0x168 /home/matei/arm_summer_school/atf/build/imx93/release/bl31/src.o
                0x00000000204e7ed0                imx_src_handler
 .text.trdc_fuse_read
                0x00000000204e8038       0x58 /home/matei/arm_summer_school/atf/build/imx93/release/bl31/trdc.o
                0x00000000204e8038                trdc_fuse_read
 .text.trdc_config
                0x00000000204e8090      0x1b8 /home/matei/arm_summer_school/atf/build/imx93/release/bl31/trdc.o
                0x00000000204e8090                trdc_config
 .text.trdc_w_reinit
                0x00000000204e8248       0x78 /home/matei/arm_summer_school/atf/build/imx93/release/bl31/trdc.o
                0x00000000204e8248                trdc_w_reinit
 .text.trdc_n_reinit
                0x00000000204e82c0       0x6c /home/matei/arm_summer_school/atf/build/imx93/release/bl31/trdc.o
                0x00000000204e82c0                trdc_n_reinit
 .text.arm_arch_svc_smc_handler
                0x00000000204e832c      0x250 /home/matei/arm_summer_school/atf/build/imx93/release/bl31/arm_arch_svc_setup.o
 .text.std_svc_smc_handler
                0x00000000204e857c       0xb8 /home/matei/arm_summer_school/atf/build/imx93/release/bl31/std_svc_setup.o
 .text.std_svc_setup
                0x00000000204e8634       0x24 /home/matei/arm_summer_school/atf/build/imx93/release/bl31/std_svc_setup.o
 .text.asm.report_unhandled_exception
                0x00000000204e8658        0x4 /home/matei/arm_summer_school/atf/build/imx93/release/bl31/crash_reporting.o
                0x00000000204e8658                report_unhandled_exception
                0x00000000204e8658                report_unhandled_interrupt
 .text.asm.sync_exception_handler
                0x00000000204e865c      0x100 /home/matei/arm_summer_school/atf/build/imx93/release/bl31/runtime_exceptions.o
 .text.asm.handle_interrupt_exception
                0x00000000204e875c       0x54 /home/matei/arm_summer_school/atf/build/imx93/release/bl31/runtime_exceptions.o
 .text.asm.imp_def_el3_handler
                0x00000000204e87b0       0x38 /home/matei/arm_summer_school/atf/build/imx93/release/bl31/runtime_exceptions.o
 .text.asm.reflect_pending_async_ea_to_lower_el
                0x00000000204e87e8       0x80 /home/matei/arm_summer_school/atf/build/imx93/release/bl31/runtime_exceptions.o
 .text.asm.asm_print_str
                0x00000000204e8868       0x18 /home/matei/arm_summer_school/atf/build/imx93/release/bl31/debug.o
                0x00000000204e8868                asm_print_str
 .text.asm.asm_print_hex
                0x00000000204e8880       0x30 /home/matei/arm_summer_school/atf/build/imx93/release/bl31/debug.o
                0x00000000204e8880                asm_print_hex
                0x00000000204e8884                asm_print_hex_bits
 .text.asm.asm_print_newline
                0x00000000204e88b0        0x8 /home/matei/arm_summer_school/atf/build/imx93/release/bl31/debug.o
                0x00000000204e88b0                asm_print_newline
 .text.asm.elx_panic
                0x00000000204e88b8        0x4 /home/matei/arm_summer_school/atf/build/imx93/release/bl31/debug.o
                0x00000000204e88b8                elx_panic
 .text.asm.el3_panic
                0x00000000204e88bc       0x30 /home/matei/arm_summer_school/atf/build/imx93/release/bl31/debug.o
                0x00000000204e88bc                el3_panic
 .text.asm.flush_dcache_range
                0x00000000204e88ec       0x38 /home/matei/arm_summer_school/atf/build/imx93/release/bl31/cache_helpers.o
                0x00000000204e88ec                flush_dcache_range
 .text.asm.clean_dcache_range
                0x00000000204e8924       0x38 /home/matei/arm_summer_school/atf/build/imx93/release/bl31/cache_helpers.o
                0x00000000204e8924                clean_dcache_range
 .text.asm.inv_dcache_range
                0x00000000204e895c       0x38 /home/matei/arm_summer_school/atf/build/imx93/release/bl31/cache_helpers.o
                0x00000000204e895c                inv_dcache_range
 .text.asm.do_dcsw_op
                0x00000000204e8994       0xfc /home/matei/arm_summer_school/atf/build/imx93/release/bl31/cache_helpers.o
 .text.asm.dcsw_op_all
                0x00000000204e8a90       0x14 /home/matei/arm_summer_school/atf/build/imx93/release/bl31/cache_helpers.o
                0x00000000204e8a90                dcsw_op_all
 .text.asm.zeromem
                0x00000000204e8aa4        0x8 /home/matei/arm_summer_school/atf/build/imx93/release/bl31/misc_helpers.o
                0x00000000204e8aa4                zeromem
 .text.asm.zeromem_dczva
                0x00000000204e8aac       0xe8 /home/matei/arm_summer_school/atf/build/imx93/release/bl31/misc_helpers.o
                0x00000000204e8aac                zero_normalmem
 .text.asm.cortex_a55_reset_func
                0x00000000204e8b94       0x18 /home/matei/arm_summer_school/atf/build/imx93/release/bl31/cortex_a55.o
                0x00000000204e8b94                cortex_a55_reset_func
 .text.asm.check_erratum_cortex_a55_768277
                0x00000000204e8bac        0xc /home/matei/arm_summer_school/atf/build/imx93/release/bl31/cortex_a55.o
 .text.asm.check_erratum_cortex_a55_778703
                0x00000000204e8bb8       0x24 /home/matei/arm_summer_school/atf/build/imx93/release/bl31/cortex_a55.o
 .text.asm.check_erratum_cortex_a55_798797
                0x00000000204e8bdc        0xc /home/matei/arm_summer_school/atf/build/imx93/release/bl31/cortex_a55.o
 .text.asm.check_erratum_cortex_a55_798953
                0x00000000204e8be8       0x20 /home/matei/arm_summer_school/atf/build/imx93/release/bl31/cortex_a55.o
 .text.asm.check_erratum_cortex_a55_846532
                0x00000000204e8c08        0xc /home/matei/arm_summer_school/atf/build/imx93/release/bl31/cortex_a55.o
 .text.asm.check_erratum_cortex_a55_903758
                0x00000000204e8c14        0xc /home/matei/arm_summer_school/atf/build/imx93/release/bl31/cortex_a55.o
 .text.asm.check_erratum_cortex_a55_936184
                0x00000000204e8c20       0x28 /home/matei/arm_summer_school/atf/build/imx93/release/bl31/cortex_a55.o
 .text.asm.check_erratum_cortex_a55_1221012
                0x00000000204e8c48        0xc /home/matei/arm_summer_school/atf/build/imx93/release/bl31/cortex_a55.o
 .text.asm.check_erratum_cortex_a55_1530923
                0x00000000204e8c54        0x8 /home/matei/arm_summer_school/atf/build/imx93/release/bl31/cortex_a55.o
 .text.asm.cortex_a55_core_pwr_dwn
                0x00000000204e8c5c       0x14 /home/matei/arm_summer_school/atf/build/imx93/release/bl31/cortex_a55.o
                0x00000000204e8c5c                cortex_a55_core_pwr_dwn
 .text.asm.get_cpu_ops_ptr
                0x00000000204e8c70       0x48 /home/matei/arm_summer_school/atf/build/imx93/release/bl31/cpu_helpers.o
                0x00000000204e8c70                get_cpu_ops_ptr
 .text.asm.cpu_get_rev_var
                0x00000000204e8cb8       0x10 /home/matei/arm_summer_school/atf/build/imx93/release/bl31/cpu_helpers.o
                0x00000000204e8cb8                cpu_get_rev_var
 .text.asm.prepare_el3_entry
                0x00000000204e8cc8       0x9c /home/matei/arm_summer_school/atf/build/imx93/release/bl31/context.o
                0x00000000204e8cc8                prepare_el3_entry
 .text.asm.restore_gp_pmcr_pauth_regs
                0x00000000204e8d64       0x50 /home/matei/arm_summer_school/atf/build/imx93/release/bl31/context.o
                0x00000000204e8d64                restore_gp_pmcr_pauth_regs
 .text.asm.el3_exit
                0x00000000204e8db4       0xac /home/matei/arm_summer_school/atf/build/imx93/release/bl31/context.o
                0x00000000204e8db4                el3_exit
 .text.asm.spin_lock
                0x00000000204e8e60       0x20 /home/matei/arm_summer_school/atf/build/imx93/release/bl31/spinlock.o
                0x00000000204e8e60                spin_lock
 .text.asm.spin_unlock
                0x00000000204e8e80        0x8 /home/matei/arm_summer_school/atf/build/imx93/release/bl31/spinlock.o
                0x00000000204e8e80                spin_unlock
 .text.asm.per_cpu_base
                0x00000000204e8e88       0x1c /home/matei/arm_summer_school/atf/build/imx93/release/bl31/per_cpu_asm.o
                0x00000000204e8e88                per_cpu_base
 .text.asm.enable_mmu_direct_el3
                0x00000000204e8ea4       0x58 /home/matei/arm_summer_school/atf/build/imx93/release/bl31/enable_mmu.o
                0x00000000204e8ea4                enable_mmu_direct_el3
 .text.asm.plat_crash_console_init
                0x00000000204e8efc       0x48 /home/matei/arm_summer_school/atf/build/imx93/release/bl31/crash_console_helpers.o
                0x00000000204e8efc                plat_crash_console_init
 .text.asm.plat_crash_console_putc
                0x00000000204e8f44       0x84 /home/matei/arm_summer_school/atf/build/imx93/release/bl31/crash_console_helpers.o
                0x00000000204e8f44                plat_crash_console_putc
 .text.asm.plat_crash_console_flush
                0x00000000204e8fc8       0x54 /home/matei/arm_summer_school/atf/build/imx93/release/bl31/crash_console_helpers.o
                0x00000000204e8fc8                plat_crash_console_flush
 .text.asm.plat_panic_handler
                0x00000000204e901c        0x8 /home/matei/arm_summer_school/atf/build/imx93/release/bl31/platform_helpers.o
                0x00000000204e901c                plat_panic_handler
 .text.asm.bl31_plat_enable_mmu
                0x00000000204e9024        0x4 /home/matei/arm_summer_school/atf/build/imx93/release/bl31/platform_helpers.o
                0x00000000204e9024                bl31_plat_enable_mmu
 .text.asm.plat_handle_el3_ea
                0x00000000204e9028        0x4 /home/matei/arm_summer_school/atf/build/imx93/release/bl31/platform_helpers.o
                0x00000000204e9028                plat_handle_el3_ea
 .text.asm.plat_get_my_stack
                0x00000000204e902c       0x1c /home/matei/arm_summer_school/atf/build/imx93/release/bl31/platform_mp_stack.o
                0x00000000204e902c                plat_get_my_stack
 .text.asm.plat_set_my_stack
                0x00000000204e9048       0x10 /home/matei/arm_summer_school/atf/build/imx93/release/bl31/platform_mp_stack.o
                0x00000000204e9048                plat_set_my_stack
 .text.asm.console_lpuart_register
                0x00000000204e9058       0x48 /home/matei/arm_summer_school/atf/build/imx93/release/bl31/lpuart_console.o
                0x00000000204e9058                console_lpuart_register
 .text.asm.console_lpuart_init
                0x00000000204e90a0        0x8 /home/matei/arm_summer_school/atf/build/imx93/release/bl31/lpuart_console.o
                0x00000000204e90a0                console_lpuart_init
 .text.asm.console_lpuart_putc
                0x00000000204e90a8       0x38 /home/matei/arm_summer_school/atf/build/imx93/release/bl31/lpuart_console.o
                0x00000000204e90a8                console_lpuart_putc
 .text.asm.console_lpuart_flush
                0x00000000204e90e0        0x4 /home/matei/arm_summer_school/atf/build/imx93/release/bl31/lpuart_console.o
                0x00000000204e90e0                console_lpuart_flush
 .text.asm.plat_my_core_pos
                0x00000000204e90e4       0x10 /home/matei/arm_summer_school/atf/build/imx93/release/bl31/plat_helpers.o
                0x00000000204e90e4                plat_my_core_pos
 .text.asm.platform_mem_init
                0x00000000204e90f4        0x4 /home/matei/arm_summer_school/atf/build/imx93/release/bl31/plat_helpers.o
                0x00000000204e90f4                platform_mem_init
 .text.asm.plat_reset_handler
                0x00000000204e90f8       0x4c /home/matei/arm_summer_school/atf/build/imx93/release/bl31/plat_helpers.o
                0x00000000204e90f8                plat_reset_handler
 .text.memcpy   0x00000000204e9144       0x20 /home/matei/arm_summer_school/atf/build/imx93/release/lib/libc.a(memcpy.o)
                0x00000000204e9144                memcpy
 .text.memmove  0x00000000204e9164       0x34 /home/matei/arm_summer_school/atf/build/imx93/release/lib/libc.a(memmove.o)
                0x00000000204e9164                memmove
 .text.unsigned_num_print.part.0
                0x00000000204e9198       0xf4 /home/matei/arm_summer_school/atf/build/imx93/release/lib/libc.a(printf.o)
 .text.vprintf  0x00000000204e928c      0x4a0 /home/matei/arm_summer_school/atf/build/imx93/release/lib/libc.a(printf.o)
                0x00000000204e928c                vprintf
 .text.printf   0x00000000204e972c       0x54 /home/matei/arm_summer_school/atf/build/imx93/release/lib/libc.a(printf.o)
                0x00000000204e972c                printf
 .text.memset   0x00000000204e9780       0x74 /home/matei/arm_summer_school/atf/build/imx93/release/lib/libc.a(memset.o)
                0x00000000204e9780                memset
 *(SORT_BY_ALIGNMENT(.rodata*))
 *fill*         0x00000000204e97f4        0x4 
 .rodata.psci_args.0
                0x00000000204e97f8       0x10 /home/matei/arm_summer_school/atf/build/imx93/release/bl31/bl31_main.o
 .rodata.plat_prefix_str
                0x00000000204e9808       0x28 /home/matei/arm_summer_school/atf/build/imx93/release/bl31/plat_log_common.o
 .rodata.arm_gic_data
                0x00000000204e9830       0x30 /home/matei/arm_summer_school/atf/build/imx93/release/bl31/plat_imx8_gic.o
                0x00000000204e9830                arm_gic_data
 .rodata.imx_mmap
                0x00000000204e9860      0x258 /home/matei/arm_summer_school/atf/build/imx93/release/bl31/imx93_bl31_setup.o
 .rodata.imx_plat_psci_ops
                0x00000000204e9ab8       0xb0 /home/matei/arm_summer_school/atf/build/imx93/release/bl31/imx93_psci.o
 .rodata.errata_entries
                0x00000000204e9b68       0x90 /home/matei/arm_summer_school/atf/build/imx93/release/bl31/cortex_a55.o
 .rodata.psci_smc_handler
                0x00000000204e9bf8       0x2c /home/matei/arm_summer_school/atf/build/imx93/release/bl31/psci_main.o
 .rodata.g01s_interrupt_props
                0x00000000204e9c24        0x4 /home/matei/arm_summer_school/atf/build/imx93/release/bl31/plat_imx8_gic.o
 .rodata.imx9_fracpll_tbl
                0x00000000204e9c28      0x150 /home/matei/arm_summer_school/atf/build/imx93/release/bl31/ddr_dvfs.o
 .rodata.ddrphy_addr_remap
                0x00000000204e9d78      0x23a /home/matei/arm_summer_school/atf/build/imx93/release/bl31/dram.o
 *fill*         0x00000000204e9fb2        0x2 
 .rodata.gpio_ctrl_offset
                0x00000000204e9fb4       0x20 /home/matei/arm_summer_school/atf/build/imx93/release/bl31/imx93_psci.o
 .rodata.wakeupmix_irq_mask
                0x00000000204e9fd4       0x20 /home/matei/arm_summer_school/atf/build/imx93/release/bl31/imx93_psci.o
 .rodata.vprintf
                0x00000000204e9ff4       0x30 /home/matei/arm_summer_school/atf/build/imx93/release/lib/libc.a(printf.o)
 .rodata.bl31_prepare_next_image_entry.str1.1
                0x00000000204ea024      0x305 /home/matei/arm_summer_school/atf/build/imx93/release/bl31/bl31_main.o
                                         0x50 (size before relaxing)
 .rodata.bl31_main.str1.1
                0x00000000204ea329        0xb /home/matei/arm_summer_school/atf/build/imx93/release/bl31/bl31_main.o
 .rodata.build_version_string
                0x00000000204ea329       0x12 /home/matei/arm_summer_school/atf/build/imx93/release/bl31/bl31_main.o
 .rodata.build_message
                0x00000000204ea33b       0x1e /home/matei/arm_summer_school/atf/build/imx93/release/bl31/bl31_main.o
 .rodata.runtime_svc_init.str1.1
                0x00000000204ea359       0x50 /home/matei/arm_summer_school/atf/build/imx93/release/bl31/runtime_svc.o
 .rodata.cm_setup_context.str1.1
                0x00000000204ea359       0x19 /home/matei/arm_summer_school/atf/build/imx93/release/bl31/context_mgmt.o
 .rodata.psci_warmboot_entrypoint.str1.1
                0x00000000204ea359       0x22 /home/matei/arm_summer_school/atf/build/imx93/release/bl31/psci_common.o
 .rodata.psci_pwrdown_cpu_end_terminal.str1.1
                0x00000000204ea359       0x1b /home/matei/arm_summer_school/atf/build/imx93/release/bl31/psci_common.o
 .rodata.psci_cpu_suspend.str1.1
                0x00000000204ea359       0x33 /home/matei/arm_summer_school/atf/build/imx93/release/bl31/psci_main.o
 .rodata.mmap_add_region_ctx.str1.1
                0x00000000204ea359       0x2b /home/matei/arm_summer_school/atf/build/imx93/release/bl31/xlat_tables_core.o
 .rodata.init_xlat_tables_ctx.str1.1
                0x00000000204ea359       0x4f /home/matei/arm_summer_school/atf/build/imx93/release/bl31/xlat_tables_core.o
 .rodata.CSWTCH.13
                0x00000000204ea359        0x4 /home/matei/arm_summer_school/atf/build/imx93/release/bl31/plat_gicv3.o
 .rodata.str1.1
                0x00000000204ea35d       0x32 /home/matei/arm_summer_school/atf/build/imx93/release/bl31/plat_log_common.o
 .rodata.str1.1
                0x00000000204ea35d        0xc /home/matei/arm_summer_school/atf/build/imx93/release/bl31/imx_sip_svc.o
 .rodata.ele_program_bbsm.str1.1
                0x00000000204ea35d       0x25 /home/matei/arm_summer_school/atf/build/imx93/release/bl31/ele_api.o
 .rodata.dram_enter_retention.str1.1
                0x00000000204ea35d       0xa4 /home/matei/arm_summer_school/atf/build/imx93/release/bl31/dram_retention.o
 .rodata.dram_exit_retention.str1.1
                0x00000000204ea35d       0x27 /home/matei/arm_summer_school/atf/build/imx93/release/bl31/dram_retention.o
 .rodata.imx_power_domain_tree_desc
                0x00000000204ea35d        0x3 /home/matei/arm_summer_school/atf/build/imx93/release/bl31/plat_topology.o
                0x00000000204ea35d                imx_power_domain_tree_desc
 .rodata.trdc_config.str1.1
                0x00000000204ea360       0x11 /home/matei/arm_summer_school/atf/build/imx93/release/bl31/trdc.o
 .rodata.str1.1
                0x00000000204ea360        0xd /home/matei/arm_summer_school/atf/build/imx93/release/bl31/arm_arch_svc_setup.o
 .rodata.str1.1
                0x00000000204ea360        0x8 /home/matei/arm_summer_school/atf/build/imx93/release/bl31/std_svc_setup.o
 .rodata.panic_str
                0x00000000204ea360       0x11 /home/matei/arm_summer_school/atf/build/imx93/release/bl31/debug.o
 .rodata.vprintf.str1.1
                0x00000000204ea371        0x3 /home/matei/arm_summer_school/atf/build/imx93/release/lib/libc.a(printf.o)
                0x00000000204ea408                . = ALIGN (0x8)
 *fill*         0x00000000204ea371        0x7 
                0x00000000204ea378                __RT_SVC_DESCS_START__ = .
 *(SORT_BY_ALIGNMENT(.rt_svc_descs))
 .rt_svc_descs  0x00000000204ea378       0x20 /home/matei/arm_summer_school/atf/build/imx93/release/bl31/imx_sip_svc.o
 .rt_svc_descs  0x00000000204ea398       0x20 /home/matei/arm_summer_school/atf/build/imx93/release/bl31/arm_arch_svc_setup.o
 .rt_svc_descs  0x00000000204ea3b8       0x20 /home/matei/arm_summer_school/atf/build/imx93/release/bl31/std_svc_setup.o
                0x00000000204ea3d8                __RT_SVC_DESCS_END__ = .
                0x00000000204ea3d8                . = ALIGN (0x8)
                0x00000000204ea3d8                __FCONF_POPULATOR_START__ = .
 *(SORT_BY_ALIGNMENT(.fconf_populator))
                0x00000000204ea3d8                __FCONF_POPULATOR_END__ = .
                0x00000000204ea3d8                . = ALIGN (0x8)
                0x00000000204ea3d8                __PMF_SVC_DESCS_START__ = .
 *(SORT_BY_ALIGNMENT(.pmf_svc_descs))
                0x00000000204ea3d8                __PMF_SVC_DESCS_END__ = .
                0x00000000204ea3d8                . = ALIGN (0x8)
                0x00000000204ea3d8                __PARSER_LIB_DESCS_START__ = .
 *(SORT_BY_ALIGNMENT(.img_parser_lib_descs))
                0x00000000204ea3d8                __PARSER_LIB_DESCS_END__ = .
                0x00000000204ea3d8                . = ALIGN (0x8)
                0x00000000204ea3d8                __CPU_OPS_START__ = .
 *(SORT_BY_ALIGNMENT(.cpu_ops))
 .cpu_ops       0x00000000204ea3d8       0x38 /home/matei/arm_summer_school/atf/build/imx93/release/bl31/cortex_a55.o
                0x00000000204ea410                __CPU_OPS_END__ = .
                0x00000000204ea410                . = ALIGN (0x8)
                0x00000000204ea410                __GOT_START__ = .
 *(SORT_BY_ALIGNMENT(.got))
                0x00000000204ea410                __GOT_END__ = .
                0x00000000204ea410                . = ALIGN (0x8)
                0x00000000204ea410                __pubsub_psci_cpu_on_finish_start = .
 *(SORT_BY_ALIGNMENT(.__pubsub_psci_cpu_on_finish))
                0x00000000204ea410                __pubsub_psci_cpu_on_finish_end = .
                0x00000000204ea410                __pubsub_psci_suspend_pwrdown_start_start = .
 *(SORT_BY_ALIGNMENT(.__pubsub_psci_suspend_pwrdown_start))
                0x00000000204ea410                __pubsub_psci_suspend_pwrdown_start_end = .
                0x00000000204ea410                __pubsub_psci_suspend_pwrdown_finish_start = .
 *(SORT_BY_ALIGNMENT(.__pubsub_psci_suspend_pwrdown_finish))
                0x00000000204ea410                __pubsub_psci_suspend_pwrdown_finish_end = .
                0x00000000204ea410                __pubsub_cm_entering_secure_world_start = .
 *(SORT_BY_ALIGNMENT(.__pubsub_cm_entering_secure_world))
                0x00000000204ea410                __pubsub_cm_entering_secure_world_end = .
                0x00000000204ea410                __pubsub_cm_exited_secure_world_start = .
 *(SORT_BY_ALIGNMENT(.__pubsub_cm_exited_secure_world))
                0x00000000204ea410                __pubsub_cm_exited_secure_world_end = .
                0x00000000204ea410                __pubsub_cm_entering_normal_world_start = .
 *(SORT_BY_ALIGNMENT(.__pubsub_cm_entering_normal_world))
                0x00000000204ea410                __pubsub_cm_entering_normal_world_end = .
                0x00000000204ea410                __pubsub_cm_exited_normal_world_start = .
 *(SORT_BY_ALIGNMENT(.__pubsub_cm_exited_normal_world))
                0x00000000204ea410                __pubsub_cm_exited_normal_world_end = .
 *(SORT_BY_ALIGNMENT(.vectors))
 *fill*         0x00000000204ea410      0x3f0 
 .vectors       0x00000000204ea800      0x800 /home/matei/arm_summer_school/atf/build/imx93/release/bl31/runtime_exceptions.o
                0x00000000204ea800                sync_exception_sp_el0
                0x00000000204ea800                runtime_exceptions
                0x00000000204ea880                irq_sp_el0
                0x00000000204ea900                fiq_sp_el0
                0x00000000204ea980                serror_sp_el0
                0x00000000204eaa00                sync_exception_sp_elx
                0x00000000204eaa80                irq_sp_elx
                0x00000000204eab00                fiq_sp_elx
                0x00000000204eab80                serror_sp_elx
                0x00000000204eac00                sync_exception_aarch64
                0x00000000204eac80                irq_aarch64
                0x00000000204ead00                fiq_aarch64
                0x00000000204ead80                serror_aarch64
                0x00000000204eae00                sync_exception_aarch32
                0x00000000204eae80                irq_aarch32
                0x00000000204eaf00                fiq_aarch32
                0x00000000204eaf80                serror_aarch32
                0x00000000204eb000                __RO_END_UNALIGNED__ = .
                0x00000000204eb000                . = ALIGN (0x1000)
                0x00000000204eb000                __RO_END__ = .
                0x0000000000000001                ASSERT ((__CPU_OPS_END__ > __CPU_OPS_START__), cpu_ops not defined for this platform.)
                0x00000000204eb000                __RW_START__ = .

.iplt           0x00000000204eb000        0x0
 .iplt          0x00000000204eb000        0x0 /home/matei/arm_summer_school/atf/build/imx93/release/bl31/bl31_context_mgmt.o

.data           0x00000000204eb000      0xd5c
                0x00000000204eb000                __DATA_START__ = .
 *(SORT_BY_ALIGNMENT(.data*))
 .data.tf_xlat_ctx
                0x00000000204eb000       0x60 /home/matei/arm_summer_school/atf/build/imx93/release/bl31/xlat_tables_context.o
 .data.wakeupmix_gpio_ctx
                0x00000000204eb060      0x210 /home/matei/arm_summer_school/atf/build/imx93/release/bl31/imx93_psci.o
 .data.fuse_info
                0x00000000204eb270       0xc0 /home/matei/arm_summer_school/atf/build/imx93/release/bl31/trdc.o
                0x00000000204eb270                fuse_info
 .data.trdc_cfg_info
                0x00000000204eb330       0xd8 /home/matei/arm_summer_school/atf/build/imx93/release/bl31/trdc.o
                0x00000000204eb330                trdc_cfg_info
 .data.trdc_mgr_blks
                0x00000000204eb408       0x40 /home/matei/arm_summer_school/atf/build/imx93/release/bl31/trdc.o
                0x00000000204eb408                trdc_mgr_blks
 .data.crash_console_reg_stash
                0x00000000204eb448       0x28 /home/matei/arm_summer_school/atf/build/imx93/release/bl31/crash_console_helpers.o
 .data.next_image_type
                0x00000000204eb470        0x4 /home/matei/arm_summer_school/atf/build/imx93/release/bl31/bl31_main.o
 .data.max_log_level
                0x00000000204eb474        0x4 /home/matei/arm_summer_school/atf/build/imx93/release/bl31/tf_log.o
 .data.console_state
                0x00000000204eb478        0x4 /home/matei/arm_summer_school/atf/build/imx93/release/bl31/multi_console.o
 .data.hsk_config
                0x00000000204eb47c      0x188 /home/matei/arm_summer_school/atf/build/imx93/release/bl31/imx93_psci.o
 .data.fuse_data
                0x00000000204eb604       0x18 /home/matei/arm_summer_school/atf/build/imx93/release/bl31/trdc.o
                0x00000000204eb604                fuse_data
 .data.trdc_mgr_num
                0x00000000204eb61c        0x4 /home/matei/arm_summer_school/atf/build/imx93/release/bl31/trdc.o
                0x00000000204eb61c                trdc_mgr_num
 .data.trdc_n_mrc
                0x00000000204eb620       0xb0 /home/matei/arm_summer_school/atf/build/imx93/release/bl31/trdc.o
                0x00000000204eb620                trdc_n_mrc
 .data.trdc_n_mrc_glbac
                0x00000000204eb6d0       0x10 /home/matei/arm_summer_school/atf/build/imx93/release/bl31/trdc.o
                0x00000000204eb6d0                trdc_n_mrc_glbac
 .data.trdc_n_mbc_glbac
                0x00000000204eb6e0       0x30 /home/matei/arm_summer_school/atf/build/imx93/release/bl31/trdc.o
                0x00000000204eb6e0                trdc_n_mbc_glbac
 .data.trdc_w_mrc
                0x00000000204eb710       0x30 /home/matei/arm_summer_school/atf/build/imx93/release/bl31/trdc.o
                0x00000000204eb710                trdc_w_mrc
 .data.trdc_w_mrc_glbac
                0x00000000204eb740       0x10 /home/matei/arm_summer_school/atf/build/imx93/release/bl31/trdc.o
                0x00000000204eb740                trdc_w_mrc_glbac
 .data.trdc_w_mbc_glbac
                0x00000000204eb750       0x10 /home/matei/arm_summer_school/atf/build/imx93/release/bl31/trdc.o
                0x00000000204eb750                trdc_w_mbc_glbac
 .data.trdc_a_mrc
                0x00000000204eb760       0x20 /home/matei/arm_summer_school/atf/build/imx93/release/bl31/trdc.o
                0x00000000204eb760                trdc_a_mrc
 .data.trdc_a_mrc_glbac
                0x00000000204eb780       0x10 /home/matei/arm_summer_school/atf/build/imx93/release/bl31/trdc.o
                0x00000000204eb780                trdc_a_mrc_glbac
 .data.trdc_a_mbc_glbac
                0x00000000204eb790       0x20 /home/matei/arm_summer_school/atf/build/imx93/release/bl31/trdc.o
                0x00000000204eb790                trdc_a_mbc_glbac
 .data.crash_console_spinlock
                0x00000000204eb7b0        0x4 /home/matei/arm_summer_school/atf/build/imx93/release/bl31/crash_console_helpers.o
 .data.boot_stage
                0x00000000204eb7b4        0x1 /home/matei/arm_summer_school/atf/build/imx93/release/bl31/imx93_psci.o
 .data.trdc_n_mbc
                0x00000000204eb7b5      0x4b6 /home/matei/arm_summer_school/atf/build/imx93/release/bl31/trdc.o
                0x00000000204eb7b5                trdc_n_mbc
 .data.trdc_w_mbc
                0x00000000204ebc6b       0x78 /home/matei/arm_summer_school/atf/build/imx93/release/bl31/trdc.o
                0x00000000204ebc6b                trdc_w_mbc
 .data.trdc_a_mbc
                0x00000000204ebce3       0x78 /home/matei/arm_summer_school/atf/build/imx93/release/bl31/trdc.o
                0x00000000204ebce3                trdc_a_mbc
 .data.crash_console_triggered
                0x00000000204ebd5b        0x1 /home/matei/arm_summer_school/atf/build/imx93/release/bl31/crash_console_helpers.o
                0x00000000204ebd5c                __DATA_END__ = .

.igot.plt       0x00000000204ebd60        0x0
 .igot.plt      0x00000000204ebd60        0x0 /home/matei/arm_summer_school/atf/build/imx93/release/bl31/bl31_context_mgmt.o

.rela.dyn       0x00000000204ebd60        0x0
                0x00000000204ebd60                __RELA_START__ = .
 *(SORT_BY_ALIGNMENT(.rela*))
 .rela.iplt     0x00000000204ebd60        0x0 /home/matei/arm_summer_school/atf/build/imx93/release/bl31/bl31_context_mgmt.o
 .rela.text.runtime_svc_init
                0x00000000204ebd60        0x0 /home/matei/arm_summer_school/atf/build/imx93/release/bl31/bl31_context_mgmt.o
 .rela.text.cm_el1_sysregs_context_restore
                0x00000000204ebd60        0x0 /home/matei/arm_summer_school/atf/build/imx93/release/bl31/bl31_context_mgmt.o
 .rela.text.per_cpu_by_index_compute
                0x00000000204ebd60        0x0 /home/matei/arm_summer_school/atf/build/imx93/release/bl31/bl31_context_mgmt.o
 .rela.text.per_cpu_cur_compute
                0x00000000204ebd60        0x0 /home/matei/arm_summer_school/atf/build/imx93/release/bl31/bl31_context_mgmt.o
 .rela.text.psci_cpu_on_finish
                0x00000000204ebd60        0x0 /home/matei/arm_summer_school/atf/build/imx93/release/bl31/bl31_context_mgmt.o
 .rela.text.psci_cpu_suspend_to_powerdown_finish
                0x00000000204ebd60        0x0 /home/matei/arm_summer_school/atf/build/imx93/release/bl31/bl31_context_mgmt.o
 .rela.text.psci_cpu_suspend_start
                0x00000000204ebd60        0x0 /home/matei/arm_summer_school/atf/build/imx93/release/bl31/bl31_context_mgmt.o
 .rela.text.bl31_plat_arch_setup
                0x00000000204ebd60        0x0 /home/matei/arm_summer_school/atf/build/imx93/release/bl31/bl31_context_mgmt.o
 .rela.text.asm.bl31_entrypoint
                0x00000000204ebd60        0x0 /home/matei/arm_summer_school/atf/build/imx93/release/bl31/bl31_context_mgmt.o
 .rela.text.asm.sync_exception_handler
                0x00000000204ebd60        0x0 /home/matei/arm_summer_school/atf/build/imx93/release/bl31/bl31_context_mgmt.o
 .rela.text.asm.get_cpu_ops_ptr
                0x00000000204ebd60        0x0 /home/matei/arm_summer_school/atf/build/imx93/release/bl31/bl31_context_mgmt.o
 .rela.text.asm.per_cpu_base
                0x00000000204ebd60        0x0 /home/matei/arm_summer_school/atf/build/imx93/release/bl31/bl31_context_mgmt.o
                0x00000000204ebd60                __RELA_END__ = .

.eh_frame_hdr   0x00000000204ebd60        0x0
 .eh_frame_hdr  0x00000000204ebd60        0x0 /home/matei/arm_summer_school/atf/build/imx93/release/bl31/bl31_context_mgmt.o

.stacks         0x00000000204ebd80     0x1600
                0x00000000204ebd80                __STACKS_START__ = .
 *(SORT_BY_ALIGNMENT(.tzfw_normal_stacks))
 .tzfw_normal_stacks
                0x00000000204ebd80     0x1600 /home/matei/arm_summer_school/atf/build/imx93/release/bl31/platform_mp_stack.o
                0x00000000204ed380                __STACKS_END__ = .

.bss            0x00000000204ed380     0x2fe0
                0x00000000204ed380                __BSS_START__ = .
 *(SORT_BY_ALIGNMENT(.bss*))
 .bss.bl32_init
                0x00000000204ed380        0x8 /home/matei/arm_summer_school/atf/build/imx93/release/bl31/bl31_main.o
 .bss.intr_type_descs
                0x00000000204ed388       0x80 /home/matei/arm_summer_school/atf/build/imx93/release/bl31/interrupt_mgmt.o
 .bss.gicv3_driver_data
                0x00000000204ed408        0x8 /home/matei/arm_summer_school/atf/build/imx93/release/bl31/gicv3_main.o
                0x00000000204ed408                gicv3_driver_data
 .bss.console_list
                0x00000000204ed410        0x8 /home/matei/arm_summer_school/atf/build/imx93/release/bl31/multi_console.o